ARM Linker, 5.03 [Build 69] [MDK-ARM Lite]

==============================================================================

Section Cross References

    master.o(.text) refers to urtlib.o(.text) for UrtLinCfg
    master.o(.text) refers to diolib.o(.text) for DioCfg
    master.o(.text) refers to dmalib.o(.text) for DmaInit
    master.o(.text) refers to gptlib.o(.text) for GptLd
    master.o(.text) refers to radioeng.o(.text) for RadioInit
    master.o(.text) refers to printfa.o(i.__0vsprintf) for __c89vsprintf
    master.o(.text) refers to printf1.o(i.__0sprintf$1) for __2sprintf
    master.o(.text) refers to strcat.o(.text) for strcat
    master.o(.text) refers to strcpy.o(.text) for strcpy
    master.o(.text) refers to master.o(.bss) for Buffer
    master.o(.text) refers to master.o(.data) for RIE_Response
    master.o(.text) refers to wdtlib.o(.text) for WdtGo
    startup_aducrf101.o(RESET) refers to startup_aducrf101.o(STACK) for __initial_sp
    startup_aducrf101.o(RESET) refers to startup_aducrf101.o(.text) for Reset_Handler
    startup_aducrf101.o(RESET) refers to radioeng.o(.text) for Ext_Int8_Handler
    startup_aducrf101.o(RESET) refers to master.o(.text) for GP_Tmr0_Int_Handler
    startup_aducrf101.o(.text) refers to system_aducrf101.o(.text) for SystemInit
    startup_aducrf101.o(.text) refers to entry.o(.ARM.Collect$$$$00000000) for __main
    retarget.o(.text) refers to urtlib.o(.text) for UrtLinSta
    radioeng.o(.text) refers to memcpya.o(.text) for __aeabi_memcpy
    radioeng.o(.text) refers to radioeng.o(.bss) for RadioConfiguration
    radioeng.o(.text) refers to radioeng.o(.data) for bTestModeEnabled
    radioeng.o(.text) refers to radioeng.o(.constdata) for DR_1_0kbps_Dev10_0kHz_Configuration
    radioeng.o(.text) refers to dfltui.o(.text) for __aeabi_ui2d
    radioeng.o(.text) refers to dmul.o(.text) for __aeabi_dmul
    radioeng.o(.text) refers to dfixui.o(.text) for __aeabi_d2uiz
    system_aducrf101.o(.text) refers to system_aducrf101.o(.data) for uClk
    dmalib.o(.text) refers to memseta.o(.text) for __aeabi_memclr4
    dmalib.o(.text) refers to dmalib.o(.bss) for dmaChanDesc
    diskio.o(.text) refers to spilib.o(.text) for SpiTx
    diskio.o(.text) refers to diolib.o(.text) for DioRd
    diskio.o(.text) refers to diskio.o(.data) for Stat
    ff.o(.text) refers to diskio.o(.text) for disk_write
    ff.o(.text) refers to ff.o(.bss) for Files
    ff.o(.text) refers to ff.o(.constdata) for ExCvt
    ff.o(.text) refers to ff.o(.data) for FatFs
    entry.o(.ARM.Collect$$$$00000000) refers (Special) to entry10a.o(.ARM.Collect$$$$0000000D) for __rt_final_cpp
    entry.o(.ARM.Collect$$$$00000000) refers (Special) to entry11a.o(.ARM.Collect$$$$0000000F) for __rt_final_exit
    entry.o(.ARM.Collect$$$$00000000) refers (Special) to entry7b.o(.ARM.Collect$$$$00000008) for _main_clock
    entry.o(.ARM.Collect$$$$00000000) refers (Special) to entry8b.o(.ARM.Collect$$$$0000000A) for _main_cpp_init
    entry.o(.ARM.Collect$$$$00000000) refers (Special) to entry9a.o(.ARM.Collect$$$$0000000B) for _main_init
    entry.o(.ARM.Collect$$$$00000000) refers (Special) to entry5.o(.ARM.Collect$$$$00000004) for _main_scatterload
    entry.o(.ARM.Collect$$$$00000000) refers (Special) to entry2.o(.ARM.Collect$$$$00000001) for _main_stk
    printfb.o(i.__0fprintf$bare) refers to printfb.o(i._printf_core) for _printf_core
    printfb.o(i.__0fprintf$bare) refers to retarget.o(.text) for fputc
    printfb.o(i.__0printf$bare) refers to printfb.o(i._printf_core) for _printf_core
    printfb.o(i.__0printf$bare) refers to retarget.o(.text) for fputc
    printfb.o(i.__0printf$bare) refers to retarget.o(.data) for __stdout
    printfb.o(i.__0snprintf$bare) refers to printfb.o(i._printf_core) for _printf_core
    printfb.o(i.__0snprintf$bare) refers to printfb.o(i._snputc) for _snputc
    printfb.o(i.__0sprintf$bare) refers to printfb.o(i._printf_core) for _printf_core
    printfb.o(i.__0sprintf$bare) refers to printfb.o(i._sputc) for _sputc
    printfb.o(i.__0vfprintf$bare) refers to printfb.o(i._printf_core) for _printf_core
    printfb.o(i.__0vfprintf$bare) refers to retarget.o(.text) for fputc
    printfb.o(i.__0vprintf$bare) refers to printfb.o(i._printf_core) for _printf_core
    printfb.o(i.__0vprintf$bare) refers to retarget.o(.text) for fputc
    printfb.o(i.__0vprintf$bare) refers to retarget.o(.data) for __stdout
    printfb.o(i.__0vsnprintf$bare) refers to printfb.o(i._printf_core) for _printf_core
    printfb.o(i.__0vsnprintf$bare) refers to printfb.o(i._snputc) for _snputc
    printfb.o(i.__0vsprintf$bare) refers to printfb.o(i._printf_core) for _printf_core
    printfb.o(i.__0vsprintf$bare) refers to printfb.o(i._sputc) for _sputc
    printf0.o(i.__0fprintf$0) refers to printf0.o(i._printf_core) for _printf_core
    printf0.o(i.__0fprintf$0) refers to retarget.o(.text) for fputc
    printf0.o(i.__0printf$0) refers to printf0.o(i._printf_core) for _printf_core
    printf0.o(i.__0printf$0) refers to retarget.o(.text) for fputc
    printf0.o(i.__0printf$0) refers to retarget.o(.data) for __stdout
    printf0.o(i.__0snprintf$0) refers to printf0.o(i._printf_core) for _printf_core
    printf0.o(i.__0snprintf$0) refers to printf0.o(i._snputc) for _snputc
    printf0.o(i.__0sprintf$0) refers to printf0.o(i._printf_core) for _printf_core
    printf0.o(i.__0sprintf$0) refers to printf0.o(i._sputc) for _sputc
    printf0.o(i.__0vfprintf$0) refers to printf0.o(i._printf_core) for _printf_core
    printf0.o(i.__0vfprintf$0) refers to retarget.o(.text) for fputc
    printf0.o(i.__0vprintf$0) refers to printf0.o(i._printf_core) for _printf_core
    printf0.o(i.__0vprintf$0) refers to retarget.o(.text) for fputc
    printf0.o(i.__0vprintf$0) refers to retarget.o(.data) for __stdout
    printf0.o(i.__0vsnprintf$0) refers to printf0.o(i._printf_core) for _printf_core
    printf0.o(i.__0vsnprintf$0) refers to printf0.o(i._snputc) for _snputc
    printf0.o(i.__0vsprintf$0) refers to printf0.o(i._printf_core) for _printf_core
    printf0.o(i.__0vsprintf$0) refers to printf0.o(i._sputc) for _sputc
    printf1.o(i.__0fprintf$1) refers to printf1.o(i._printf_core) for _printf_core
    printf1.o(i.__0fprintf$1) refers to retarget.o(.text) for fputc
    printf1.o(i.__0printf$1) refers to printf1.o(i._printf_core) for _printf_core
    printf1.o(i.__0printf$1) refers to retarget.o(.text) for fputc
    printf1.o(i.__0printf$1) refers to retarget.o(.data) for __stdout
    printf1.o(i.__0snprintf$1) refers to printf1.o(i._printf_core) for _printf_core
    printf1.o(i.__0snprintf$1) refers to printf1.o(i._snputc) for _snputc
    printf1.o(i.__0sprintf$1) refers to printf1.o(i._printf_core) for _printf_core
    printf1.o(i.__0sprintf$1) refers to printf1.o(i._sputc) for _sputc
    printf1.o(i.__0vfprintf$1) refers to printf1.o(i._printf_core) for _printf_core
    printf1.o(i.__0vfprintf$1) refers to retarget.o(.text) for fputc
    printf1.o(i.__0vprintf$1) refers to printf1.o(i._printf_core) for _printf_core
    printf1.o(i.__0vprintf$1) refers to retarget.o(.text) for fputc
    printf1.o(i.__0vprintf$1) refers to retarget.o(.data) for __stdout
    printf1.o(i.__0vsnprintf$1) refers to printf1.o(i._printf_core) for _printf_core
    printf1.o(i.__0vsnprintf$1) refers to printf1.o(i._snputc) for _snputc
    printf1.o(i.__0vsprintf$1) refers to printf1.o(i._printf_core) for _printf_core
    printf1.o(i.__0vsprintf$1) refers to printf1.o(i._sputc) for _sputc
    printf1.o(i._printf_core) refers to uidiv.o(.text) for __aeabi_uidivmod
    printf2.o(i.__0fprintf$2) refers to printf2.o(i._printf_core) for _printf_core
    printf2.o(i.__0fprintf$2) refers to retarget.o(.text) for fputc
    printf2.o(i.__0printf$2) refers to printf2.o(i._printf_core) for _printf_core
    printf2.o(i.__0printf$2) refers to retarget.o(.text) for fputc
    printf2.o(i.__0printf$2) refers to retarget.o(.data) for __stdout
    printf2.o(i.__0snprintf$2) refers to printf2.o(i._printf_core) for _printf_core
    printf2.o(i.__0snprintf$2) refers to printf2.o(i._snputc) for _snputc
    printf2.o(i.__0sprintf$2) refers to printf2.o(i._printf_core) for _printf_core
    printf2.o(i.__0sprintf$2) refers to printf2.o(i._sputc) for _sputc
    printf2.o(i.__0vfprintf$2) refers to printf2.o(i._printf_core) for _printf_core
    printf2.o(i.__0vfprintf$2) refers to retarget.o(.text) for fputc
    printf2.o(i.__0vprintf$2) refers to printf2.o(i._printf_core) for _printf_core
    printf2.o(i.__0vprintf$2) refers to retarget.o(.text) for fputc
    printf2.o(i.__0vprintf$2) refers to retarget.o(.data) for __stdout
    printf2.o(i.__0vsnprintf$2) refers to printf2.o(i._printf_core) for _printf_core
    printf2.o(i.__0vsnprintf$2) refers to printf2.o(i._snputc) for _snputc
    printf2.o(i.__0vsprintf$2) refers to printf2.o(i._printf_core) for _printf_core
    printf2.o(i.__0vsprintf$2) refers to printf2.o(i._sputc) for _sputc
    printf3.o(i.__0fprintf$3) refers to printf3.o(i._printf_core) for _printf_core
    printf3.o(i.__0fprintf$3) refers to retarget.o(.text) for fputc
    printf3.o(i.__0printf$3) refers to printf3.o(i._printf_core) for _printf_core
    printf3.o(i.__0printf$3) refers to retarget.o(.text) for fputc
    printf3.o(i.__0printf$3) refers to retarget.o(.data) for __stdout
    printf3.o(i.__0snprintf$3) refers to printf3.o(i._printf_core) for _printf_core
    printf3.o(i.__0snprintf$3) refers to printf3.o(i._snputc) for _snputc
    printf3.o(i.__0sprintf$3) refers to printf3.o(i._printf_core) for _printf_core
    printf3.o(i.__0sprintf$3) refers to printf3.o(i._sputc) for _sputc
    printf3.o(i.__0vfprintf$3) refers to printf3.o(i._printf_core) for _printf_core
    printf3.o(i.__0vfprintf$3) refers to retarget.o(.text) for fputc
    printf3.o(i.__0vprintf$3) refers to printf3.o(i._printf_core) for _printf_core
    printf3.o(i.__0vprintf$3) refers to retarget.o(.text) for fputc
    printf3.o(i.__0vprintf$3) refers to retarget.o(.data) for __stdout
    printf3.o(i.__0vsnprintf$3) refers to printf3.o(i._printf_core) for _printf_core
    printf3.o(i.__0vsnprintf$3) refers to printf3.o(i._snputc) for _snputc
    printf3.o(i.__0vsprintf$3) refers to printf3.o(i._printf_core) for _printf_core
    printf3.o(i.__0vsprintf$3) refers to printf3.o(i._sputc) for _sputc
    printf3.o(i._printf_core) refers to uidiv.o(.text) for __aeabi_uidivmod
    printf4.o(i.__0fprintf$4) refers to printf4.o(i._printf_core) for _printf_core
    printf4.o(i.__0fprintf$4) refers to retarget.o(.text) for fputc
    printf4.o(i.__0printf$4) refers to printf4.o(i._printf_core) for _printf_core
    printf4.o(i.__0printf$4) refers to retarget.o(.text) for fputc
    printf4.o(i.__0printf$4) refers to retarget.o(.data) for __stdout
    printf4.o(i.__0snprintf$4) refers to printf4.o(i._printf_core) for _printf_core
    printf4.o(i.__0snprintf$4) refers to printf4.o(i._snputc) for _snputc
    printf4.o(i.__0sprintf$4) refers to printf4.o(i._printf_core) for _printf_core
    printf4.o(i.__0sprintf$4) refers to printf4.o(i._sputc) for _sputc
    printf4.o(i.__0vfprintf$4) refers to printf4.o(i._printf_core) for _printf_core
    printf4.o(i.__0vfprintf$4) refers to retarget.o(.text) for fputc
    printf4.o(i.__0vprintf$4) refers to printf4.o(i._printf_core) for _printf_core
    printf4.o(i.__0vprintf$4) refers to retarget.o(.text) for fputc
    printf4.o(i.__0vprintf$4) refers to retarget.o(.data) for __stdout
    printf4.o(i.__0vsnprintf$4) refers to printf4.o(i._printf_core) for _printf_core
    printf4.o(i.__0vsnprintf$4) refers to printf4.o(i._snputc) for _snputc
    printf4.o(i.__0vsprintf$4) refers to printf4.o(i._printf_core) for _printf_core
    printf4.o(i.__0vsprintf$4) refers to printf4.o(i._sputc) for _sputc
    printf4.o(i._printf_core) refers to uldiv.o(.text) for __aeabi_uldivmod
    printf5.o(i.__0fprintf$5) refers to printf5.o(i._printf_core) for _printf_core
    printf5.o(i.__0fprintf$5) refers to retarget.o(.text) for fputc
    printf5.o(i.__0printf$5) refers to printf5.o(i._printf_core) for _printf_core
    printf5.o(i.__0printf$5) refers to retarget.o(.text) for fputc
    printf5.o(i.__0printf$5) refers to retarget.o(.data) for __stdout
    printf5.o(i.__0snprintf$5) refers to printf5.o(i._printf_core) for _printf_core
    printf5.o(i.__0snprintf$5) refers to printf5.o(i._snputc) for _snputc
    printf5.o(i.__0sprintf$5) refers to printf5.o(i._printf_core) for _printf_core
    printf5.o(i.__0sprintf$5) refers to printf5.o(i._sputc) for _sputc
    printf5.o(i.__0vfprintf$5) refers to printf5.o(i._printf_core) for _printf_core
    printf5.o(i.__0vfprintf$5) refers to retarget.o(.text) for fputc
    printf5.o(i.__0vprintf$5) refers to printf5.o(i._printf_core) for _printf_core
    printf5.o(i.__0vprintf$5) refers to retarget.o(.text) for fputc
    printf5.o(i.__0vprintf$5) refers to retarget.o(.data) for __stdout
    printf5.o(i.__0vsnprintf$5) refers to printf5.o(i._printf_core) for _printf_core
    printf5.o(i.__0vsnprintf$5) refers to printf5.o(i._snputc) for _snputc
    printf5.o(i.__0vsprintf$5) refers to printf5.o(i._printf_core) for _printf_core
    printf5.o(i.__0vsprintf$5) refers to printf5.o(i._sputc) for _sputc
    printf5.o(i._printf_core) refers to uldiv.o(.text) for __aeabi_uldivmod
    printf6.o(i.__0fprintf$6) refers to printf6.o(i._printf_core) for _printf_core
    printf6.o(i.__0fprintf$6) refers to retarget.o(.text) for fputc
    printf6.o(i.__0printf$6) refers to printf6.o(i._printf_core) for _printf_core
    printf6.o(i.__0printf$6) refers to retarget.o(.text) for fputc
    printf6.o(i.__0printf$6) refers to retarget.o(.data) for __stdout
    printf6.o(i.__0snprintf$6) refers to printf6.o(i._printf_core) for _printf_core
    printf6.o(i.__0snprintf$6) refers to printf6.o(i._snputc) for _snputc
    printf6.o(i.__0sprintf$6) refers to printf6.o(i._printf_core) for _printf_core
    printf6.o(i.__0sprintf$6) refers to printf6.o(i._sputc) for _sputc
    printf6.o(i.__0vfprintf$6) refers to printf6.o(i._printf_core) for _printf_core
    printf6.o(i.__0vfprintf$6) refers to retarget.o(.text) for fputc
    printf6.o(i.__0vprintf$6) refers to printf6.o(i._printf_core) for _printf_core
    printf6.o(i.__0vprintf$6) refers to retarget.o(.text) for fputc
    printf6.o(i.__0vprintf$6) refers to retarget.o(.data) for __stdout
    printf6.o(i.__0vsnprintf$6) refers to printf6.o(i._printf_core) for _printf_core
    printf6.o(i.__0vsnprintf$6) refers to printf6.o(i._snputc) for _snputc
    printf6.o(i.__0vsprintf$6) refers to printf6.o(i._printf_core) for _printf_core
    printf6.o(i.__0vsprintf$6) refers to printf6.o(i._sputc) for _sputc
    printf6.o(i._printf_core) refers to printf6.o(i._printf_pre_padding) for _printf_pre_padding
    printf6.o(i._printf_core) refers to uidiv.o(.text) for __aeabi_uidivmod
    printf6.o(i._printf_core) refers to printf6.o(i._printf_post_padding) for _printf_post_padding
    printf7.o(i.__0fprintf$7) refers to printf7.o(i._printf_core) for _printf_core
    printf7.o(i.__0fprintf$7) refers to retarget.o(.text) for fputc
    printf7.o(i.__0printf$7) refers to printf7.o(i._printf_core) for _printf_core
    printf7.o(i.__0printf$7) refers to retarget.o(.text) for fputc
    printf7.o(i.__0printf$7) refers to retarget.o(.data) for __stdout
    printf7.o(i.__0snprintf$7) refers to printf7.o(i._printf_core) for _printf_core
    printf7.o(i.__0snprintf$7) refers to printf7.o(i._snputc) for _snputc
    printf7.o(i.__0sprintf$7) refers to printf7.o(i._printf_core) for _printf_core
    printf7.o(i.__0sprintf$7) refers to printf7.o(i._sputc) for _sputc
    printf7.o(i.__0vfprintf$7) refers to printf7.o(i._printf_core) for _printf_core
    printf7.o(i.__0vfprintf$7) refers to retarget.o(.text) for fputc
    printf7.o(i.__0vprintf$7) refers to printf7.o(i._printf_core) for _printf_core
    printf7.o(i.__0vprintf$7) refers to retarget.o(.text) for fputc
    printf7.o(i.__0vprintf$7) refers to retarget.o(.data) for __stdout
    printf7.o(i.__0vsnprintf$7) refers to printf7.o(i._printf_core) for _printf_core
    printf7.o(i.__0vsnprintf$7) refers to printf7.o(i._snputc) for _snputc
    printf7.o(i.__0vsprintf$7) refers to printf7.o(i._printf_core) for _printf_core
    printf7.o(i.__0vsprintf$7) refers to printf7.o(i._sputc) for _sputc
    printf7.o(i._printf_core) refers to printf7.o(i._printf_pre_padding) for _printf_pre_padding
    printf7.o(i._printf_core) refers to uldiv.o(.text) for __aeabi_uldivmod
    printf7.o(i._printf_core) refers to printf7.o(i._printf_post_padding) for _printf_post_padding
    printf8.o(i.__0fprintf$8) refers to printf8.o(i._printf_core) for _printf_core
    printf8.o(i.__0fprintf$8) refers to retarget.o(.text) for fputc
    printf8.o(i.__0printf$8) refers to printf8.o(i._printf_core) for _printf_core
    printf8.o(i.__0printf$8) refers to retarget.o(.text) for fputc
    printf8.o(i.__0printf$8) refers to retarget.o(.data) for __stdout
    printf8.o(i.__0snprintf$8) refers to printf8.o(i._printf_core) for _printf_core
    printf8.o(i.__0snprintf$8) refers to printf8.o(i._snputc) for _snputc
    printf8.o(i.__0sprintf$8) refers to printf8.o(i._printf_core) for _printf_core
    printf8.o(i.__0sprintf$8) refers to printf8.o(i._sputc) for _sputc
    printf8.o(i.__0vfprintf$8) refers to printf8.o(i._printf_core) for _printf_core
    printf8.o(i.__0vfprintf$8) refers to retarget.o(.text) for fputc
    printf8.o(i.__0vprintf$8) refers to printf8.o(i._printf_core) for _printf_core
    printf8.o(i.__0vprintf$8) refers to retarget.o(.text) for fputc
    printf8.o(i.__0vprintf$8) refers to retarget.o(.data) for __stdout
    printf8.o(i.__0vsnprintf$8) refers to printf8.o(i._printf_core) for _printf_core
    printf8.o(i.__0vsnprintf$8) refers to printf8.o(i._snputc) for _snputc
    printf8.o(i.__0vsprintf$8) refers to printf8.o(i._printf_core) for _printf_core
    printf8.o(i.__0vsprintf$8) refers to printf8.o(i._sputc) for _sputc
    printf8.o(i._printf_core) refers to printf8.o(i._printf_pre_padding) for _printf_pre_padding
    printf8.o(i._printf_core) refers to uldiv.o(.text) for __aeabi_uldivmod
    printf8.o(i._printf_core) refers to printf8.o(i._printf_post_padding) for _printf_post_padding
    printfa.o(i.__0fprintf) refers (Special) to iusefp.o(.text) for __I$use$fp
    printfa.o(i.__0fprintf) refers to printfa.o(i._printf_core) for _printf_core
    printfa.o(i.__0fprintf) refers to retarget.o(.text) for fputc
    printfa.o(i.__0printf) refers (Special) to iusefp.o(.text) for __I$use$fp
    printfa.o(i.__0printf) refers to printfa.o(i._printf_core) for _printf_core
    printfa.o(i.__0printf) refers to retarget.o(.text) for fputc
    printfa.o(i.__0printf) refers to retarget.o(.data) for __stdout
    printfa.o(i.__0snprintf) refers (Special) to iusefp.o(.text) for __I$use$fp
    printfa.o(i.__0snprintf) refers to printfa.o(i._printf_core) for _printf_core
    printfa.o(i.__0snprintf) refers to printfa.o(i._snputc) for _snputc
    printfa.o(i.__0sprintf) refers (Special) to iusefp.o(.text) for __I$use$fp
    printfa.o(i.__0sprintf) refers to printfa.o(i._printf_core) for _printf_core
    printfa.o(i.__0sprintf) refers to printfa.o(i._sputc) for _sputc
    printfa.o(i.__0vfprintf) refers (Special) to iusefp.o(.text) for __I$use$fp
    printfa.o(i.__0vfprintf) refers to printfa.o(i._printf_core) for _printf_core
    printfa.o(i.__0vfprintf) refers to retarget.o(.text) for fputc
    printfa.o(i.__0vprintf) refers (Special) to iusefp.o(.text) for __I$use$fp
    printfa.o(i.__0vprintf) refers to printfa.o(i._printf_core) for _printf_core
    printfa.o(i.__0vprintf) refers to retarget.o(.text) for fputc
    printfa.o(i.__0vprintf) refers to retarget.o(.data) for __stdout
    printfa.o(i.__0vsnprintf) refers (Special) to iusefp.o(.text) for __I$use$fp
    printfa.o(i.__0vsnprintf) refers to printfa.o(i._printf_core) for _printf_core
    printfa.o(i.__0vsnprintf) refers to printfa.o(i._snputc) for _snputc
    printfa.o(i.__0vsprintf) refers (Special) to iusefp.o(.text) for __I$use$fp
    printfa.o(i.__0vsprintf) refers to printfa.o(i._printf_core) for _printf_core
    printfa.o(i.__0vsprintf) refers to printfa.o(i._sputc) for _sputc
    printfa.o(i._fp_digits) refers (Special) to iusefp.o(.text) for __I$use$fp
    printfa.o(i._fp_digits) refers to dmul.o(.text) for __aeabi_dmul
    printfa.o(i._fp_digits) refers to ddiv.o(.text) for __aeabi_ddiv
    printfa.o(i._fp_digits) refers to cdrcmple.o(.text) for __aeabi_cdrcmple
    printfa.o(i._fp_digits) refers to dadd.o(.text) for __aeabi_dadd
    printfa.o(i._fp_digits) refers to dfixul.o(.text) for __aeabi_d2ulz
    printfa.o(i._fp_digits) refers to uldiv.o(.text) for __aeabi_uldivmod
    printfa.o(i._printf_core) refers (Special) to iusefp.o(.text) for __I$use$fp
    printfa.o(i._printf_core) refers to printfa.o(i._printf_pre_padding) for _printf_pre_padding
    printfa.o(i._printf_core) refers to uldiv.o(.text) for __aeabi_uldivmod
    printfa.o(i._printf_core) refers to printfa.o(i._printf_post_padding) for _printf_post_padding
    printfa.o(i._printf_core) refers to printfa.o(i._fp_digits) for _fp_digits
    printfa.o(i._printf_core) refers to uidiv.o(.text) for __aeabi_uidivmod
    printfa.o(i._printf_post_padding) refers (Special) to iusefp.o(.text) for __I$use$fp
    printfa.o(i._printf_pre_padding) refers (Special) to iusefp.o(.text) for __I$use$fp
    printfa.o(i._snputc) refers (Special) to iusefp.o(.text) for __I$use$fp
    printfa.o(i._sputc) refers (Special) to iusefp.o(.text) for __I$use$fp
    dmul.o(.text) refers (Special) to iusefp.o(.text) for __I$use$fp
    dmul.o(.text) refers to depilogue.o(.text) for _double_epilogue
    dfltui.o(.text) refers (Special) to iusefp.o(.text) for __I$use$fp
    dfltui.o(.text) refers to depilogue.o(.text) for _double_epilogue
    dfixui.o(.text) refers (Special) to iusefp.o(.text) for __I$use$fp
    dfixui.o(.text) refers to llushr.o(.text) for __aeabi_llsr
    entry2.o(.ARM.Collect$$$$00000001) refers to entry2.o(.ARM.Collect$$$$00002712) for __lit__00000000
    entry2.o(.ARM.Collect$$$$00002712) refers to startup_aducrf101.o(STACK) for __initial_sp
    entry2.o(__vectab_stack_and_reset_area) refers to startup_aducrf101.o(STACK) for __initial_sp
    entry2.o(__vectab_stack_and_reset_area) refers to entry.o(.ARM.Collect$$$$00000000) for __main
    entry5.o(.ARM.Collect$$$$00000004) refers to init.o(.text) for __scatterload
    entry9a.o(.ARM.Collect$$$$0000000B) refers to master.o(.text) for main
    entry9b.o(.ARM.Collect$$$$0000000C) refers to master.o(.text) for main
    uldiv.o(.text) refers to llushr.o(.text) for __aeabi_llsr
    uldiv.o(.text) refers to llshl.o(.text) for __aeabi_llsl
    depilogue.o(.text) refers to llshl.o(.text) for __aeabi_llsl
    depilogue.o(.text) refers to llushr.o(.text) for __aeabi_llsr
    dadd.o(.text) refers to llshl.o(.text) for __aeabi_llsl
    dadd.o(.text) refers to llsshr.o(.text) for __aeabi_lasr
    dadd.o(.text) refers to depilogue.o(.text) for _double_epilogue
    ddiv.o(.text) refers to depilogue.o(.text) for _double_round
    dfixul.o(.text) refers to llushr.o(.text) for __aeabi_llsr
    dfixul.o(.text) refers to llshl.o(.text) for __aeabi_llsl
    init.o(.text) refers to entry5.o(.ARM.Collect$$$$00000004) for __main_after_scatterload


==============================================================================

Removing Unused input sections from the image.

    Removing master.o(.rev16_text), (4 bytes).
    Removing master.o(.revsh_text), (4 bytes).
    Removing startup_aducrf101.o(HEAP), (512 bytes).
    Removing retarget.o(.rev16_text), (4 bytes).
    Removing retarget.o(.revsh_text), (4 bytes).
    Removing retarget.o(.text), (106 bytes).
    Removing retarget.o(.data), (8 bytes).
    Removing radioeng.o(.rev16_text), (4 bytes).
    Removing radioeng.o(.revsh_text), (4 bytes).
    Removing system_aducrf101.o(.rev16_text), (4 bytes).
    Removing system_aducrf101.o(.revsh_text), (4 bytes).
    Removing adclib.o(.rev16_text), (4 bytes).
    Removing adclib.o(.revsh_text), (4 bytes).
    Removing adclib.o(.text), (260 bytes).
    Removing wutlib.o(.rev16_text), (4 bytes).
    Removing wutlib.o(.revsh_text), (4 bytes).
    Removing wutlib.o(.text), (332 bytes).
    Removing clklib.o(.rev16_text), (4 bytes).
    Removing clklib.o(.revsh_text), (4 bytes).
    Removing clklib.o(.text), (156 bytes).
    Removing diolib.o(.rev16_text), (4 bytes).
    Removing diolib.o(.revsh_text), (4 bytes).
    Removing gptlib.o(.rev16_text), (4 bytes).
    Removing gptlib.o(.revsh_text), (4 bytes).
    Removing intlib.o(.rev16_text), (4 bytes).
    Removing intlib.o(.revsh_text), (4 bytes).
    Removing intlib.o(.text), (144 bytes).
    Removing pwrlib.o(.rev16_text), (4 bytes).
    Removing pwrlib.o(.revsh_text), (4 bytes).
    Removing pwrlib.o(.text), (152 bytes).
    Removing rstlib.o(.rev16_text), (4 bytes).
    Removing rstlib.o(.revsh_text), (4 bytes).
    Removing rstlib.o(.text), (28 bytes).
    Removing spilib.o(.rev16_text), (4 bytes).
    Removing spilib.o(.revsh_text), (4 bytes).
    Removing spilib.o(.text), (196 bytes).
    Removing urtlib.o(.rev16_text), (4 bytes).
    Removing urtlib.o(.revsh_text), (4 bytes).
    Removing wdtlib.o(.rev16_text), (4 bytes).
    Removing wdtlib.o(.revsh_text), (4 bytes).
    Removing dmalib.o(.rev16_text), (4 bytes).
    Removing dmalib.o(.revsh_text), (4 bytes).
    Removing diskio.o(.rev16_text), (4 bytes).
    Removing diskio.o(.revsh_text), (4 bytes).
    Removing diskio.o(.text), (1404 bytes).
    Removing diskio.o(.data), (2 bytes).
    Removing ff.o(.text), (9844 bytes).
    Removing ff.o(.bss), (12 bytes).
    Removing ff.o(.constdata), (128 bytes).
    Removing ff.o(.data), (6 bytes).

50 unused section(s) (total 13426 bytes) removed from the image.

==============================================================================

Image Symbol Table

    Local Symbols

    Symbol Name                              Value     Ov Type        Size  Object(Section)

    RESET                                    0x00000000   Section      240  startup_aducrf101.o(RESET)
    ../clib/microlib/division.c              0x00000000   Number         0  uldiv.o ABSOLUTE
    ../clib/microlib/division.c              0x00000000   Number         0  uidiv.o ABSOLUTE
    ../clib/microlib/init/entry.s            0x00000000   Number         0  entry9a.o ABSOLUTE
    ../clib/microlib/init/entry.s            0x00000000   Number         0  entry8b.o ABSOLUTE
    ../clib/microlib/init/entry.s            0x00000000   Number         0  entry8a.o ABSOLUTE
    ../clib/microlib/init/entry.s            0x00000000   Number         0  entry7b.o ABSOLUTE
    ../clib/microlib/init/entry.s            0x00000000   Number         0  entry5.o ABSOLUTE
    ../clib/microlib/init/entry.s            0x00000000   Number         0  entry11a.o ABSOLUTE
    ../clib/microlib/init/entry.s            0x00000000   Number         0  entry9b.o ABSOLUTE
    ../clib/microlib/init/entry.s            0x00000000   Number         0  entry2.o ABSOLUTE
    ../clib/microlib/init/entry.s            0x00000000   Number         0  entry7a.o ABSOLUTE
    ../clib/microlib/init/entry.s            0x00000000   Number         0  entry11b.o ABSOLUTE
    ../clib/microlib/init/entry.s            0x00000000   Number         0  entry10b.o ABSOLUTE
    ../clib/microlib/init/entry.s            0x00000000   Number         0  entry10a.o ABSOLUTE
    ../clib/microlib/init/entry.s            0x00000000   Number         0  entry.o ABSOLUTE
    ../clib/microlib/longlong.c              0x00000000   Number         0  llushr.o ABSOLUTE
    ../clib/microlib/longlong.c              0x00000000   Number         0  llshl.o ABSOLUTE
    ../clib/microlib/longlong.c              0x00000000   Number         0  llsshr.o ABSOLUTE
    ../clib/microlib/printf/printf.c         0x00000000   Number         0  printfb.o ABSOLUTE
    ../clib/microlib/printf/printf.c         0x00000000   Number         0  printf2.o ABSOLUTE
    ../clib/microlib/printf/printf.c         0x00000000   Number         0  printf3.o ABSOLUTE
    ../clib/microlib/printf/printf.c         0x00000000   Number         0  printfa.o ABSOLUTE
    ../clib/microlib/printf/printf.c         0x00000000   Number         0  printf4.o ABSOLUTE
    ../clib/microlib/printf/printf.c         0x00000000   Number         0  printf8.o ABSOLUTE
    ../clib/microlib/printf/printf.c         0x00000000   Number         0  printf7.o ABSOLUTE
    ../clib/microlib/printf/printf.c         0x00000000   Number         0  printf1.o ABSOLUTE
    ../clib/microlib/printf/printf.c         0x00000000   Number         0  printf6.o ABSOLUTE
    ../clib/microlib/printf/printf.c         0x00000000   Number         0  printf5.o ABSOLUTE
    ../clib/microlib/printf/printf.c         0x00000000   Number         0  printf0.o ABSOLUTE
    ../clib/microlib/printf/stubs.s          0x00000000   Number         0  stubs.o ABSOLUTE
    ../clib/microlib/string/memcpy.c         0x00000000   Number         0  memcpya.o ABSOLUTE
    ../clib/microlib/string/memcpy.c         0x00000000   Number         0  memcpyb.o ABSOLUTE
    ../clib/microlib/string/memset.c         0x00000000   Number         0  memseta.o ABSOLUTE
    ../clib/microlib/string/strcat.c         0x00000000   Number         0  strcat.o ABSOLUTE
    ../clib/microlib/string/strcpy.c         0x00000000   Number         0  strcpy.o ABSOLUTE
    ../clib/microlib/stubs.s                 0x00000000   Number         0  useno.o ABSOLUTE
    ../clib/microlib/stubs.s                 0x00000000   Number         0  iusefp.o ABSOLUTE
    ../fplib/microlib/fpadd.c                0x00000000   Number         0  dadd.o ABSOLUTE
    ../fplib/microlib/fpdiv.c                0x00000000   Number         0  ddiv.o ABSOLUTE
    ../fplib/microlib/fpepilogue.c           0x00000000   Number         0  depilogue.o ABSOLUTE
    ../fplib/microlib/fpfix.c                0x00000000   Number         0  dfixul.o ABSOLUTE
    ../fplib/microlib/fpfix.c                0x00000000   Number         0  dfixui.o ABSOLUTE
    ../fplib/microlib/fpflt.c                0x00000000   Number         0  dfltui.o ABSOLUTE
    ../fplib/microlib/fpmul.c                0x00000000   Number         0  dmul.o ABSOLUTE
    ..\..\Common\RealView\Retarget.c         0x00000000   Number         0  retarget.o ABSOLUTE
    ..\..\Common\RealView\startup_ADuCRF101.s 0x00000000   Number         0  startup_aducrf101.o ABSOLUTE
    ..\..\Common\radioeng.c                  0x00000000   Number         0  radioeng.o ABSOLUTE
    ..\..\Common\system_ADuCRF101.c          0x00000000   Number         0  system_aducrf101.o ABSOLUTE
    ..\..\DasLib\AdcLib.c                    0x00000000   Number         0  adclib.o ABSOLUTE
    ..\..\DasLib\ClkLib.c                    0x00000000   Number         0  clklib.o ABSOLUTE
    ..\..\DasLib\DioLib.c                    0x00000000   Number         0  diolib.o ABSOLUTE
    ..\..\DasLib\DmaLib.c                    0x00000000   Number         0  dmalib.o ABSOLUTE
    ..\..\DasLib\GptLib.c                    0x00000000   Number         0  gptlib.o ABSOLUTE
    ..\..\DasLib\IntLib.c                    0x00000000   Number         0  intlib.o ABSOLUTE
    ..\..\DasLib\PwrLib.c                    0x00000000   Number         0  pwrlib.o ABSOLUTE
    ..\..\DasLib\RstLib.c                    0x00000000   Number         0  rstlib.o ABSOLUTE
    ..\..\DasLib\SpiLib.c                    0x00000000   Number         0  spilib.o ABSOLUTE
    ..\..\DasLib\UrtLib.c                    0x00000000   Number         0  urtlib.o ABSOLUTE
    ..\..\DasLib\WdtLib.c                    0x00000000   Number         0  wdtlib.o ABSOLUTE
    ..\..\DasLib\WutLib.c                    0x00000000   Number         0  wutlib.o ABSOLUTE
    ..\\..\\Common\\RealView\\Retarget.c     0x00000000   Number         0  retarget.o ABSOLUTE
    ..\\..\\Common\\radioeng.c               0x00000000   Number         0  radioeng.o ABSOLUTE
    ..\\..\\Common\\system_ADuCRF101.c       0x00000000   Number         0  system_aducrf101.o ABSOLUTE
    ..\\..\\DasLib\\AdcLib.c                 0x00000000   Number         0  adclib.o ABSOLUTE
    ..\\..\\DasLib\\ClkLib.c                 0x00000000   Number         0  clklib.o ABSOLUTE
    ..\\..\\DasLib\\DioLib.c                 0x00000000   Number         0  diolib.o ABSOLUTE
    ..\\..\\DasLib\\DmaLib.c                 0x00000000   Number         0  dmalib.o ABSOLUTE
    ..\\..\\DasLib\\GptLib.c                 0x00000000   Number         0  gptlib.o ABSOLUTE
    ..\\..\\DasLib\\IntLib.c                 0x00000000   Number         0  intlib.o ABSOLUTE
    ..\\..\\DasLib\\PwrLib.c                 0x00000000   Number         0  pwrlib.o ABSOLUTE
    ..\\..\\DasLib\\RstLib.c                 0x00000000   Number         0  rstlib.o ABSOLUTE
    ..\\..\\DasLib\\SpiLib.c                 0x00000000   Number         0  spilib.o ABSOLUTE
    ..\\..\\DasLib\\UrtLib.c                 0x00000000   Number         0  urtlib.o ABSOLUTE
    ..\\..\\DasLib\\WdtLib.c                 0x00000000   Number         0  wdtlib.o ABSOLUTE
    ..\\..\\DasLib\\WutLib.c                 0x00000000   Number         0  wutlib.o ABSOLUTE
    cdrcmple.s                               0x00000000   Number         0  cdrcmple.o ABSOLUTE
    dc.s                                     0x00000000   Number         0  dc.o ABSOLUTE
    handlers.s                               0x00000000   Number         0  handlers.o ABSOLUTE
    init.s                                   0x00000000   Number         0  init.o ABSOLUTE
    src\Master.c                             0x00000000   Number         0  master.o ABSOLUTE
    src\SD_SPI\diskio.c                      0x00000000   Number         0  diskio.o ABSOLUTE
    src\SD_SPI\ff.c                          0x00000000   Number         0  ff.o ABSOLUTE
    src\\Master.c                            0x00000000   Number         0  master.o ABSOLUTE
    src\\SD_SPI\\diskio.c                    0x00000000   Number         0  diskio.o ABSOLUTE
    src\common.c                             0x00000000   Number         0  common.o ABSOLUTE
    .ARM.Collect$$$$00000000                 0x000000f0   Section        0  entry.o(.ARM.Collect$$$$00000000)
    .ARM.Collect$$$$00000001                 0x000000f0   Section        4  entry2.o(.ARM.Collect$$$$00000001)
    .ARM.Collect$$$$00000004                 0x000000f4   Section        4  entry5.o(.ARM.Collect$$$$00000004)
    .ARM.Collect$$$$00000008                 0x000000f8   Section        0  entry7b.o(.ARM.Collect$$$$00000008)
    .ARM.Collect$$$$0000000A                 0x000000f8   Section        0  entry8b.o(.ARM.Collect$$$$0000000A)
    .ARM.Collect$$$$0000000B                 0x000000f8   Section        8  entry9a.o(.ARM.Collect$$$$0000000B)
    .ARM.Collect$$$$0000000D                 0x00000100   Section        0  entry10a.o(.ARM.Collect$$$$0000000D)
    .ARM.Collect$$$$0000000F                 0x00000100   Section        0  entry11a.o(.ARM.Collect$$$$0000000F)
    .ARM.Collect$$$$00002712                 0x00000100   Section        4  entry2.o(.ARM.Collect$$$$00002712)
    __lit__00000000                          0x00000100   Data           4  entry2.o(.ARM.Collect$$$$00002712)
    .text                                    0x00000104   Section        0  master.o(.text)
    NVIC_SetPriority                         0x00000105   Thumb Code    32  master.o(.text)
    NVIC_EnableIRQ                           0x00000809   Thumb Code    24  master.o(.text)
    .text                                    0x000008a4   Section       36  startup_aducrf101.o(.text)
    .text                                    0x000008c8   Section        0  radioeng.o(.text)
    RadioSPIXferByte                         0x000008d7   Thumb Code    44  radioeng.o(.text)
    RadioReadState                           0x00000903   Thumb Code    74  radioeng.o(.text)
    RadioWaitOnState                         0x0000094d   Thumb Code    30  radioeng.o(.text)
    RadioSendCommandBytes                    0x0000096b   Thumb Code    66  radioeng.o(.text)
    RadioSendCommandNoWait                   0x000009ad   Thumb Code    16  radioeng.o(.text)
    RadioToOnMode                            0x000009bd   Thumb Code   128  radioeng.o(.text)
    RadioWaitOnCmdLdr                        0x00000a3d   Thumb Code    80  radioeng.o(.text)
    RadioSendCommandWait                     0x00000a8d   Thumb Code    32  radioeng.o(.text)
    RadioMMapWrite                           0x00000aad   Thumb Code   100  radioeng.o(.text)
    RadioToOffMode                           0x00000b11   Thumb Code   128  radioeng.o(.text)
    RadioConfigure                           0x00000b91   Thumb Code    48  radioeng.o(.text)
    RadioCommitRadioConfig                   0x00000bc1   Thumb Code   100  radioeng.o(.text)
    SetRadioConfiguration                    0x00000c25   Thumb Code    92  radioeng.o(.text)
    RadioSyncComms                           0x00000cad   Thumb Code    26  radioeng.o(.text)
    RadioWaitForPowerUp                      0x00000cc7   Thumb Code    86  radioeng.o(.text)
    RadioMMapRead                            0x00001253   Thumb Code   112  radioeng.o(.text)
    NVIC_EnableIRQ                           0x00001557   Thumb Code    24  radioeng.o(.text)
    NVIC_DisableIRQ                          0x0000156f   Thumb Code    58  radioeng.o(.text)
    .text                                    0x000015a8   Section        0  system_aducrf101.o(.text)
    .text                                    0x00001660   Section        0  diolib.o(.text)
    .text                                    0x00001770   Section        0  gptlib.o(.text)
    .text                                    0x000017f0   Section        0  urtlib.o(.text)
    .text                                    0x000018b4   Section        0  wdtlib.o(.text)
    .text                                    0x0000191c   Section        0  dmalib.o(.text)
    .text                                    0x00001ac4   Section        0  memcpya.o(.text)
    .text                                    0x00001ae8   Section        0  memseta.o(.text)
    .text                                    0x00001b0c   Section        0  strcat.o(.text)
    .text                                    0x00001b24   Section        0  strcpy.o(.text)
    .text                                    0x00001b36   Section        0  dmul.o(.text)
    .text                                    0x00001c1a   Section        0  dfltui.o(.text)
    .text                                    0x00001c34   Section        0  dfixui.o(.text)
    .text                                    0x00001c66   Section        0  uidiv.o(.text)
    .text                                    0x00001c92   Section        0  uldiv.o(.text)
    .text                                    0x00001cf4   Section        0  llushr.o(.text)
    .text                                    0x00001d14   Section        0  iusefp.o(.text)
    .text                                    0x00001d14   Section        0  depilogue.o(.text)
    .text                                    0x00001dd2   Section        0  dadd.o(.text)
    .text                                    0x00001f20   Section        0  ddiv.o(.text)
    .text                                    0x00001ffe   Section        0  dfixul.o(.text)
    .text                                    0x00002030   Section       40  cdrcmple.o(.text)
    .text                                    0x00002058   Section       36  init.o(.text)
    .text                                    0x0000207c   Section        0  llshl.o(.text)
    .text                                    0x0000209a   Section        0  llsshr.o(.text)
    i.__0sprintf$1                           0x000020c0   Section        0  printf1.o(i.__0sprintf$1)
    i.__0vsprintf                            0x000020e8   Section        0  printfa.o(i.__0vsprintf)
    i.__scatterload_copy                     0x0000210c   Section       14  handlers.o(i.__scatterload_copy)
    i.__scatterload_null                     0x0000211a   Section        2  handlers.o(i.__scatterload_null)
    i.__scatterload_zeroinit                 0x0000211c   Section       14  handlers.o(i.__scatterload_zeroinit)
    i._fp_digits                             0x0000212c   Section        0  printfa.o(i._fp_digits)
    _fp_digits                               0x0000212d   Thumb Code   326  printfa.o(i._fp_digits)
    i._printf_core                           0x00002288   Section        0  printf1.o(i._printf_core)
    _printf_core                             0x00002289   Thumb Code   334  printf1.o(i._printf_core)
    i._printf_core                           0x000023dc   Section        0  printfa.o(i._printf_core)
    _printf_core                             0x000023dd   Thumb Code  1762  printfa.o(i._printf_core)
    i._printf_post_padding                   0x00002acc   Section        0  printfa.o(i._printf_post_padding)
    _printf_post_padding                     0x00002acd   Thumb Code    38  printfa.o(i._printf_post_padding)
    i._printf_pre_padding                    0x00002af2   Section        0  printfa.o(i._printf_pre_padding)
    _printf_pre_padding                      0x00002af3   Thumb Code    48  printfa.o(i._printf_pre_padding)
    i._sputc                                 0x00002b22   Section        0  printf1.o(i._sputc)
    _sputc                                   0x00002b23   Thumb Code    10  printf1.o(i._sputc)
    i._sputc                                 0x00002b2c   Section        0  printfa.o(i._sputc)
    _sputc                                   0x00002b2d   Thumb Code    10  printfa.o(i._sputc)
    .constdata                               0x00002b36   Section      192  radioeng.o(.constdata)
    .data                                    0x20000000   Section       28  master.o(.data)
    .data                                    0x2000001c   Section       10  radioeng.o(.data)
    bRadioConfigurationChanged               0x2000001c   Data           1  radioeng.o(.data)
    bTestModeEnabled                         0x2000001d   Data           1  radioeng.o(.data)
    DataRate                                 0x20000020   Data           4  radioeng.o(.data)
    bPacketTx                                0x20000024   Data           1  radioeng.o(.data)
    bPacketRx                                0x20000025   Data           1  radioeng.o(.data)
    .data                                    0x20000028   Section       12  system_aducrf101.o(.data)
    uClk                                     0x20000028   Data           4  system_aducrf101.o(.data)
    uClkDiv                                  0x2000002c   Data           4  system_aducrf101.o(.data)
    SystemExtClock                           0x20000030   Data           4  system_aducrf101.o(.data)
    .bss                                     0x20000034   Section    10455  master.o(.bss)
    .bss                                     0x2000290b   Section       64  radioeng.o(.bss)
    RadioConfiguration                       0x2000290b   Data          64  radioeng.o(.bss)
    .bss                                     0x20002a00   Section      512  dmalib.o(.bss)
    STACK                                    0x20002c00   Section     1024  startup_aducrf101.o(STACK)

    Global Symbols

    Symbol Name                              Value     Ov Type        Size  Object(Section)

    BuildAttributes$$THM_ISAv4$P$D$K$B$S$PE$A:L22UL41UL21$X:L11$S22US41US21$IEEE1$IW$USESV6$~STKCKD$USESV7$~SHL$OSPACE$ROPI$EBA8$MICROLIB$REQ8$PRES8$EABIv2 0x00000000   Number         0  anon$$obj.o ABSOLUTE
    __ARM_use_no_argv                        0x00000000   Number         0  master.o ABSOLUTE
    __Vectors                                0x00000000   Data           4  startup_aducrf101.o(RESET)
    __use_no_errno                           0x00000000   Number         0  useno.o ABSOLUTE
    __use_no_exception_handling              0x00000000   Number         0  useno.o ABSOLUTE
    __use_no_fp                              0x00000000   Number         0  useno.o ABSOLUTE
    __use_no_heap                            0x00000000   Number         0  useno.o ABSOLUTE
    __use_no_heap_region                     0x00000000   Number         0  useno.o ABSOLUTE
    __use_no_semihosting                     0x00000000   Number         0  useno.o ABSOLUTE
    __use_no_semihosting_swi                 0x00000000   Number         0  useno.o ABSOLUTE
    __use_no_signal_handling                 0x00000000   Number         0  useno.o ABSOLUTE
    _printf_a                                0x00000000   Number         0  stubs.o ABSOLUTE
    _printf_c                                0x00000000   Number         0  stubs.o ABSOLUTE
    _printf_charcount                        0x00000000   Number         0  stubs.o ABSOLUTE
    _printf_d                                0x00000000   Number         0  stubs.o ABSOLUTE
    _printf_e                                0x00000000   Number         0  stubs.o ABSOLUTE
    _printf_f                                0x00000000   Number         0  stubs.o ABSOLUTE
    _printf_flags                            0x00000000   Number         0  stubs.o ABSOLUTE
    _printf_fp_dec                           0x00000000   Number         0  stubs.o ABSOLUTE
    _printf_fp_hex                           0x00000000   Number         0  stubs.o ABSOLUTE
    _printf_g                                0x00000000   Number         0  stubs.o ABSOLUTE
    _printf_i                                0x00000000   Number         0  stubs.o ABSOLUTE
    _printf_int_dec                          0x00000000   Number         0  stubs.o ABSOLUTE
    _printf_l                                0x00000000   Number         0  stubs.o ABSOLUTE
    _printf_lc                               0x00000000   Number         0  stubs.o ABSOLUTE
    _printf_ll                               0x00000000   Number         0  stubs.o ABSOLUTE
    _printf_lld                              0x00000000   Number         0  stubs.o ABSOLUTE
    _printf_lli                              0x00000000   Number         0  stubs.o ABSOLUTE
    _printf_llo                              0x00000000   Number         0  stubs.o ABSOLUTE
    _printf_llu                              0x00000000   Number         0  stubs.o ABSOLUTE
    _printf_llx                              0x00000000   Number         0  stubs.o ABSOLUTE
    _printf_longlong_dec                     0x00000000   Number         0  stubs.o ABSOLUTE
    _printf_longlong_hex                     0x00000000   Number         0  stubs.o ABSOLUTE
    _printf_longlong_oct                     0x00000000   Number         0  stubs.o ABSOLUTE
    _printf_ls                               0x00000000   Number         0  stubs.o ABSOLUTE
    _printf_mbtowc                           0x00000000   Number         0  stubs.o ABSOLUTE
    _printf_n                                0x00000000   Number         0  stubs.o ABSOLUTE
    _printf_o                                0x00000000   Number         0  stubs.o ABSOLUTE
    _printf_p                                0x00000000   Number         0  stubs.o ABSOLUTE
    _printf_percent                          0x00000000   Number         0  stubs.o ABSOLUTE
    _printf_pre_padding                      0x00000000   Number         0  stubs.o ABSOLUTE
    _printf_return_value                     0x00000000   Number         0  stubs.o ABSOLUTE
    _printf_s                                0x00000000   Number         0  stubs.o ABSOLUTE
    _printf_sizespec                         0x00000000   Number         0  stubs.o ABSOLUTE
    _printf_str                              0x00000000   Number         0  stubs.o ABSOLUTE
    _printf_truncate_signed                  0x00000000   Number         0  stubs.o ABSOLUTE
    _printf_truncate_unsigned                0x00000000   Number         0  stubs.o ABSOLUTE
    _printf_u                                0x00000000   Number         0  stubs.o ABSOLUTE
    _printf_wc                               0x00000000   Number         0  stubs.o ABSOLUTE
    _printf_wctomb                           0x00000000   Number         0  stubs.o ABSOLUTE
    _printf_widthprec                        0x00000000   Number         0  stubs.o ABSOLUTE
    _printf_x                                0x00000000   Number         0  stubs.o ABSOLUTE
    __cpp_initialize__aeabi_                  - Undefined Weak Reference
    __cxa_finalize                            - Undefined Weak Reference
    __decompress                              - Undefined Weak Reference
    _clock_init                               - Undefined Weak Reference
    _microlib_exit                            - Undefined Weak Reference
    __Vectors_End                            0x000000f0   Data           0  startup_aducrf101.o(RESET)
    __Vectors_Size                           0x000000f0   Number         0  startup_aducrf101.o ABSOLUTE
    __main                                   0x000000f1   Thumb Code     0  entry.o(.ARM.Collect$$$$00000000)
    _main_stk                                0x000000f1   Thumb Code     0  entry2.o(.ARM.Collect$$$$00000001)
    _main_scatterload                        0x000000f5   Thumb Code     0  entry5.o(.ARM.Collect$$$$00000004)
    __main_after_scatterload                 0x000000f9   Thumb Code     0  entry5.o(.ARM.Collect$$$$00000004)
    _main_clock                              0x000000f9   Thumb Code     0  entry7b.o(.ARM.Collect$$$$00000008)
    _main_cpp_init                           0x000000f9   Thumb Code     0  entry8b.o(.ARM.Collect$$$$0000000A)
    _main_init                               0x000000f9   Thumb Code     0  entry9a.o(.ARM.Collect$$$$0000000B)
    __rt_final_cpp                           0x00000101   Thumb Code     0  entry10a.o(.ARM.Collect$$$$0000000D)
    __rt_final_exit                          0x00000101   Thumb Code     0  entry11a.o(.ARM.Collect$$$$0000000F)
    uartInit                                 0x00000125   Thumb Code    46  master.o(.text)
    ledInit                                  0x00000153   Thumb Code    24  master.o(.text)
    blink                                    0x0000016b   Thumb Code    68  master.o(.text)
    blinkDisable                             0x000001af   Thumb Code    32  master.o(.text)
    radioInit                                0x000001cf   Thumb Code    70  master.o(.text)
    dmaSend                                  0x00000215   Thumb Code    36  master.o(.text)
    dma_printf                               0x00000239   Thumb Code    44  master.o(.text)
    radioSend                                0x00000265   Thumb Code    56  master.o(.text)
    rf_printf                                0x0000029d   Thumb Code    56  master.o(.text)
    timeMultiplexInit                        0x000002d5   Thumb Code    74  master.o(.text)
    conectionEstablish                       0x0000031f   Thumb Code    14  master.o(.text)
    getMissPkt                               0x0000032d   Thumb Code   378  master.o(.text)
    DMA_UART_TX_Int_Handler                  0x000004a7   Thumb Code   346  master.o(.text)
    sendBufferedPackets                      0x00000601   Thumb Code    70  master.o(.text)
    RadioRecieve                             0x00000647   Thumb Code   156  master.o(.text)
    main                                     0x000006e3   Thumb Code   200  master.o(.text)
    GP_Tmr1_Int_Handler                      0x000007ab   Thumb Code    22  master.o(.text)
    GP_Tmr0_Int_Handler                      0x000007c1   Thumb Code    60  master.o(.text)
    DMA_UART_RX_Int_Handler                  0x000007fd   Thumb Code    12  master.o(.text)
    Reset_Handler                            0x000008a5   Thumb Code     8  startup_aducrf101.o(.text)
    NMI_Handler                              0x000008ad   Thumb Code     2  startup_aducrf101.o(.text)
    HardFault_Handler                        0x000008af   Thumb Code     2  startup_aducrf101.o(.text)
    MemManage_Handler                        0x000008b1   Thumb Code     2  startup_aducrf101.o(.text)
    BusFault_Handler                         0x000008b3   Thumb Code     2  startup_aducrf101.o(.text)
    UsageFault_Handler                       0x000008b5   Thumb Code     2  startup_aducrf101.o(.text)
    SVC_Handler                              0x000008b7   Thumb Code     2  startup_aducrf101.o(.text)
    DebugMon_Handler                         0x000008b9   Thumb Code     2  startup_aducrf101.o(.text)
    PendSV_Handler                           0x000008bb   Thumb Code     2  startup_aducrf101.o(.text)
    SysTick_Handler                          0x000008bd   Thumb Code     2  startup_aducrf101.o(.text)
    ADC0_Int_Handler                         0x000008bf   Thumb Code     0  startup_aducrf101.o(.text)
    DMA_ADC_Int_Handler                      0x000008bf   Thumb Code     0  startup_aducrf101.o(.text)
    DMA_Err_Int_Handler                      0x000008bf   Thumb Code     0  startup_aducrf101.o(.text)
    DMA_I2C0_MRX_Int_Handler                 0x000008bf   Thumb Code     0  startup_aducrf101.o(.text)
    DMA_I2C0_MTX_Int_Handler                 0x000008bf   Thumb Code     0  startup_aducrf101.o(.text)
    DMA_I2C0_SRX_Int_Handler                 0x000008bf   Thumb Code     0  startup_aducrf101.o(.text)
    DMA_I2C0_STX_Int_Handler                 0x000008bf   Thumb Code     0  startup_aducrf101.o(.text)
    DMA_SPI0_RX_Int_Handler                  0x000008bf   Thumb Code     0  startup_aducrf101.o(.text)
    DMA_SPI0_TX_Int_Handler                  0x000008bf   Thumb Code     0  startup_aducrf101.o(.text)
    DMA_SPI1_RX_Int_Handler                  0x000008bf   Thumb Code     0  startup_aducrf101.o(.text)
    DMA_SPI1_TX_Int_Handler                  0x000008bf   Thumb Code     0  startup_aducrf101.o(.text)
    Ext_Int0_Handler                         0x000008bf   Thumb Code     0  startup_aducrf101.o(.text)
    Ext_Int1_Handler                         0x000008bf   Thumb Code     0  startup_aducrf101.o(.text)
    Ext_Int2_Handler                         0x000008bf   Thumb Code     0  startup_aducrf101.o(.text)
    Ext_Int3_Handler                         0x000008bf   Thumb Code     0  startup_aducrf101.o(.text)
    Ext_Int4_Handler                         0x000008bf   Thumb Code     0  startup_aducrf101.o(.text)
    Ext_Int5_Handler                         0x000008bf   Thumb Code     0  startup_aducrf101.o(.text)
    Ext_Int6_Handler                         0x000008bf   Thumb Code     0  startup_aducrf101.o(.text)
    Ext_Int7_Handler                         0x000008bf   Thumb Code     0  startup_aducrf101.o(.text)
    Flsh_Int_Handler                         0x000008bf   Thumb Code     0  startup_aducrf101.o(.text)
    I2C0_Master_Int_Handler                  0x000008bf   Thumb Code     0  startup_aducrf101.o(.text)
    I2C0_Slave_Int_Handler                   0x000008bf   Thumb Code     0  startup_aducrf101.o(.text)
    PWM0_Int_Handler                         0x000008bf   Thumb Code     0  startup_aducrf101.o(.text)
    PWM1_Int_Handler                         0x000008bf   Thumb Code     0  startup_aducrf101.o(.text)
    PWM2_Int_Handler                         0x000008bf   Thumb Code     0  startup_aducrf101.o(.text)
    PWM3_Int_Handler                         0x000008bf   Thumb Code     0  startup_aducrf101.o(.text)
    PWMTrip_Int_Handler                      0x000008bf   Thumb Code     0  startup_aducrf101.o(.text)
    SPI0_Int_Handler                         0x000008bf   Thumb Code     0  startup_aducrf101.o(.text)
    SPI1_Int_Handler                         0x000008bf   Thumb Code     0  startup_aducrf101.o(.text)
    UART_Int_Handler                         0x000008bf   Thumb Code     0  startup_aducrf101.o(.text)
    UnUsed_Handler                           0x000008bf   Thumb Code     0  startup_aducrf101.o(.text)
    WDog_Tmr_Int_Handler                     0x000008bf   Thumb Code     0  startup_aducrf101.o(.text)
    WakeUp_Int_Handler                       0x000008bf   Thumb Code     0  startup_aducrf101.o(.text)
    RadioGetAPIVersion                       0x000008c9   Thumb Code    14  radioeng.o(.text)
    RadioSwitchConfig                        0x00000c81   Thumb Code    44  radioeng.o(.text)
    RadioPowerOff                            0x00000d1d   Thumb Code    34  radioeng.o(.text)
    RadioInit                                0x00000d3f   Thumb Code   198  radioeng.o(.text)
    RadioDeInit                              0x00000e05   Thumb Code    76  radioeng.o(.text)
    RadioTerminateRadioOp                    0x00000e51   Thumb Code    14  radioeng.o(.text)
    RadioSetFrequency                        0x00000e5f   Thumb Code    84  radioeng.o(.text)
    RadioSetModulationType                   0x00000eb3   Thumb Code    66  radioeng.o(.text)
    RadioPayldManchesterEncode               0x00000ef5   Thumb Code    58  radioeng.o(.text)
    RadioPayldDataWhitening                  0x00000f2f   Thumb Code    58  radioeng.o(.text)
    RadioTxPacketFixedLen                    0x00000f69   Thumb Code    94  radioeng.o(.text)
    RadioTxPacketVariableLen                 0x00000fc7   Thumb Code   126  radioeng.o(.text)
    RadioTxPacketComplete                    0x00001045   Thumb Code     6  radioeng.o(.text)
    RadioTxSetPA                             0x0000104b   Thumb Code   198  radioeng.o(.text)
    RadioTxCarrier                           0x00001111   Thumb Code   124  radioeng.o(.text)
    RadioTxPreamble                          0x0000118d   Thumb Code    58  radioeng.o(.text)
    RadioRxPacketFixedLen                    0x000011c7   Thumb Code    70  radioeng.o(.text)
    RadioRxPacketVariableLen                 0x0000120d   Thumb Code    64  radioeng.o(.text)
    RadioRxPacketAvailable                   0x0000124d   Thumb Code     6  radioeng.o(.text)
    RadioRxPacketRead                        0x000012c3   Thumb Code   178  radioeng.o(.text)
    RadioRxBERTestMode                       0x00001375   Thumb Code    80  radioeng.o(.text)
    Ext_Int8_Handler                         0x000013c5   Thumb Code   110  radioeng.o(.text)
    RadioRadioGetRSSI                        0x00001433   Thumb Code    70  radioeng.o(.text)
    RadioTxSetPower                          0x00001479   Thumb Code   222  radioeng.o(.text)
    SystemCoreClockUpdate                    0x000015a9   Thumb Code    90  system_aducrf101.o(.text)
    SystemInit                               0x00001603   Thumb Code    18  system_aducrf101.o(.text)
    SetSystemExtClkFreq                      0x00001615   Thumb Code     6  system_aducrf101.o(.text)
    GetSystemExtClkFreq                      0x0000161b   Thumb Code     6  system_aducrf101.o(.text)
    SystemSetClockDivider                    0x00001621   Thumb Code    34  system_aducrf101.o(.text)
    SystemGetClockFrequency                  0x00001643   Thumb Code     6  system_aducrf101.o(.text)
    DioCfg                                   0x00001661   Thumb Code     8  diolib.o(.text)
    DioDrv                                   0x00001669   Thumb Code    14  diolib.o(.text)
    DioOen                                   0x00001677   Thumb Code     8  diolib.o(.text)
    DioPul                                   0x0000167f   Thumb Code     8  diolib.o(.text)
    DioOce                                   0x00001687   Thumb Code     8  diolib.o(.text)
    DioTriState                              0x0000168f   Thumb Code    14  diolib.o(.text)
    DioCfgPin                                0x0000169d   Thumb Code    38  diolib.o(.text)
    DioOenPin                                0x000016c3   Thumb Code    32  diolib.o(.text)
    DioPulPin                                0x000016e3   Thumb Code    32  diolib.o(.text)
    DioOcePin                                0x00001703   Thumb Code    32  diolib.o(.text)
    DioTriStatePin                           0x00001723   Thumb Code    32  diolib.o(.text)
    DioRd                                    0x00001743   Thumb Code     6  diolib.o(.text)
    DioWr                                    0x00001749   Thumb Code     8  diolib.o(.text)
    DioSet                                   0x00001751   Thumb Code     8  diolib.o(.text)
    DioClr                                   0x00001759   Thumb Code    12  diolib.o(.text)
    DioTgl                                   0x00001765   Thumb Code    12  diolib.o(.text)
    GptCfg                                   0x00001771   Thumb Code    36  gptlib.o(.text)
    GptLd                                    0x00001795   Thumb Code     8  gptlib.o(.text)
    GptVal                                   0x0000179d   Thumb Code     6  gptlib.o(.text)
    GptCapRd                                 0x000017a3   Thumb Code     6  gptlib.o(.text)
    GptCapSrc                                0x000017a9   Thumb Code    28  gptlib.o(.text)
    GptSta                                   0x000017c5   Thumb Code     6  gptlib.o(.text)
    GptClrInt                                0x000017cb   Thumb Code     8  gptlib.o(.text)
    GptBsy                                   0x000017d3   Thumb Code    20  gptlib.o(.text)
    UrtLinCfg                                0x000017f1   Thumb Code    60  urtlib.o(.text)
    UrtLinSta                                0x0000182d   Thumb Code     8  urtlib.o(.text)
    UrtTx                                    0x00001835   Thumb Code    10  urtlib.o(.text)
    UrtRx                                    0x0000183f   Thumb Code     8  urtlib.o(.text)
    UrtIntCfg                                0x00001847   Thumb Code    10  urtlib.o(.text)
    UrtIntSta                                0x00001851   Thumb Code     8  urtlib.o(.text)
    UrtModCfg                                0x00001859   Thumb Code    16  urtlib.o(.text)
    UrtModSta                                0x00001869   Thumb Code     8  urtlib.o(.text)
    UrtDma                                   0x00001871   Thumb Code    22  urtlib.o(.text)
    UrtBrk                                   0x00001887   Thumb Code    36  urtlib.o(.text)
    WdtCfg                                   0x000018b5   Thumb Code    32  wdtlib.o(.text)
    WdtGo                                    0x000018d5   Thumb Code    24  wdtlib.o(.text)
    WdtLd                                    0x000018ed   Thumb Code    12  wdtlib.o(.text)
    WdtVal                                   0x000018f9   Thumb Code     8  wdtlib.o(.text)
    WdtSta                                   0x00001901   Thumb Code     8  wdtlib.o(.text)
    WdtClrInt                                0x00001909   Thumb Code    12  wdtlib.o(.text)
    DmaInit                                  0x0000191d   Thumb Code    24  dmalib.o(.text)
    DmaChanSetup                             0x00001935   Thumb Code    52  dmalib.o(.text)
    DmaTransferSetup                         0x00001969   Thumb Code   306  dmalib.o(.text)
    __aeabi_memcpy                           0x00001ac5   Thumb Code    36  memcpya.o(.text)
    __aeabi_memcpy4                          0x00001ac5   Thumb Code     0  memcpya.o(.text)
    __aeabi_memcpy8                          0x00001ac5   Thumb Code     0  memcpya.o(.text)
    __aeabi_memset                           0x00001ae9   Thumb Code    14  memseta.o(.text)
    __aeabi_memset4                          0x00001ae9   Thumb Code     0  memseta.o(.text)
    __aeabi_memset8                          0x00001ae9   Thumb Code     0  memseta.o(.text)
    __aeabi_memclr                           0x00001af7   Thumb Code     4  memseta.o(.text)
    __aeabi_memclr4                          0x00001af7   Thumb Code     0  memseta.o(.text)
    __aeabi_memclr8                          0x00001af7   Thumb Code     0  memseta.o(.text)
    _memset$wrapper                          0x00001afb   Thumb Code    18  memseta.o(.text)
    strcat                                   0x00001b0d   Thumb Code    24  strcat.o(.text)
    strcpy                                   0x00001b25   Thumb Code    18  strcpy.o(.text)
    __aeabi_dmul                             0x00001b37   Thumb Code   228  dmul.o(.text)
    __aeabi_ui2d                             0x00001c1b   Thumb Code    26  dfltui.o(.text)
    __aeabi_d2uiz                            0x00001c35   Thumb Code    50  dfixui.o(.text)
    __aeabi_uidiv                            0x00001c67   Thumb Code     0  uidiv.o(.text)
    __aeabi_uidivmod                         0x00001c67   Thumb Code    44  uidiv.o(.text)
    __aeabi_uldivmod                         0x00001c93   Thumb Code    98  uldiv.o(.text)
    __aeabi_llsr                             0x00001cf5   Thumb Code    32  llushr.o(.text)
    _ll_ushift_r                             0x00001cf5   Thumb Code     0  llushr.o(.text)
    __I$use$fp                               0x00001d15   Thumb Code     0  iusefp.o(.text)
    _double_round                            0x00001d15   Thumb Code    26  depilogue.o(.text)
    _double_epilogue                         0x00001d2f   Thumb Code   164  depilogue.o(.text)
    __aeabi_dadd                             0x00001dd3   Thumb Code   322  dadd.o(.text)
    __aeabi_dsub                             0x00001f15   Thumb Code     6  dadd.o(.text)
    __aeabi_drsub                            0x00001f1b   Thumb Code     6  dadd.o(.text)
    __aeabi_ddiv                             0x00001f21   Thumb Code   222  ddiv.o(.text)
    __aeabi_d2ulz                            0x00001fff   Thumb Code    48  dfixul.o(.text)
    __aeabi_cdrcmple                         0x00002031   Thumb Code    38  cdrcmple.o(.text)
    __scatterload                            0x00002059   Thumb Code    28  init.o(.text)
    __scatterload_rt2                        0x00002059   Thumb Code     0  init.o(.text)
    __aeabi_llsl                             0x0000207d   Thumb Code    30  llshl.o(.text)
    _ll_shift_l                              0x0000207d   Thumb Code     0  llshl.o(.text)
    __aeabi_lasr                             0x0000209b   Thumb Code    36  llsshr.o(.text)
    _ll_sshift_r                             0x0000209b   Thumb Code     0  llsshr.o(.text)
    __0sprintf$1                             0x000020c1   Thumb Code    34  printf1.o(i.__0sprintf$1)
    __1sprintf$1                             0x000020c1   Thumb Code     0  printf1.o(i.__0sprintf$1)
    __2sprintf                               0x000020c1   Thumb Code     0  printf1.o(i.__0sprintf$1)
    __0vsprintf                              0x000020e9   Thumb Code    30  printfa.o(i.__0vsprintf)
    __1vsprintf                              0x000020e9   Thumb Code     0  printfa.o(i.__0vsprintf)
    __2vsprintf                              0x000020e9   Thumb Code     0  printfa.o(i.__0vsprintf)
    __c89vsprintf                            0x000020e9   Thumb Code     0  printfa.o(i.__0vsprintf)
    vsprintf                                 0x000020e9   Thumb Code     0  printfa.o(i.__0vsprintf)
    __scatterload_copy                       0x0000210d   Thumb Code    14  handlers.o(i.__scatterload_copy)
    __scatterload_null                       0x0000211b   Thumb Code     2  handlers.o(i.__scatterload_null)
    __scatterload_zeroinit                   0x0000211d   Thumb Code    14  handlers.o(i.__scatterload_zeroinit)
    DR_38_4kbps_Dev20kHz_Configuration       0x00002b36   Data          64  radioeng.o(.constdata)
    DR_300_0kbps_Dev75_0kHz_Configuration    0x00002b76   Data          64  radioeng.o(.constdata)
    DR_1_0kbps_Dev10_0kHz_Configuration      0x00002bb6   Data          64  radioeng.o(.constdata)
    Region$$Table$$Base                      0x00002bf8   Number         0  anon$$obj.o(Region$$Table)
    Region$$Table$$Limit                     0x00002c18   Number         0  anon$$obj.o(Region$$Table)
    RIE_Response                             0x20000000   Data           1  master.o(.data)
    numOfPkt                                 0x20000001   Data           8  master.o(.data)
    actualRxBuffer                           0x20000009   Data           1  master.o(.data)
    actualTxBuffer                           0x2000000a   Data           1  master.o(.data)
    send                                     0x2000000b   Data           1  master.o(.data)
    nextRxPkt                                0x2000000c   Data           1  master.o(.data)
    TX_flag                                  0x2000000d   Data           1  master.o(.data)
    RX_flag                                  0x2000000e   Data           1  master.o(.data)
    terminate_flag                           0x2000000f   Data           1  master.o(.data)
    empty_flag                               0x20000010   Data           1  master.o(.data)
    firstRxPkt                               0x20000011   Data           1  master.o(.data)
    dmaTxSlv                                 0x20000012   Data           1  master.o(.data)
    dmaTxPkt                                 0x20000013   Data           1  master.o(.data)
    dmaTx_flag                               0x20000014   Data           1  master.o(.data)
    PktLen                                   0x20000015   Data           1  master.o(.data)
    RSSI                                     0x20000016   Data           1  master.o(.data)
    SID                                      0x20000017   Data           1  master.o(.data)
    dmaTxPtr                                 0x20000018   Data           4  master.o(.data)
    Buffer                                   0x20000034   Data         255  master.o(.bss)
    pktMemory                                0x20000133   Data       10200  master.o(.bss)
    dmaChanDesc                              0x20002a00   Data         512  dmalib.o(.bss)
    __initial_sp                             0x20003000   Data           0  startup_aducrf101.o(STACK)



==============================================================================

Memory Map of the image

  Image Entry point : 0x000000f1

  Load Region LR_IROM1 (Base: 0x00000000, Size: 0x00002c4c, Max: 0x00020000, ABSOLUTE)

    Execution Region ER_IROM1 (Base: 0x00000000, Size: 0x00002c18, Max: 0x00020000, ABSOLUTE)

    Base Addr    Size         Type   Attr      Idx    E Section Name        Object

    0x00000000   0x000000f0   Data   RO           94    RESET               startup_aducrf101.o
    0x000000f0   0x00000000   Code   RO          504  * .ARM.Collect$$$$00000000  mc_w.l(entry.o)
    0x000000f0   0x00000004   Code   RO          784    .ARM.Collect$$$$00000001  mc_w.l(entry2.o)
    0x000000f4   0x00000004   Code   RO          787    .ARM.Collect$$$$00000004  mc_w.l(entry5.o)
    0x000000f8   0x00000000   Code   RO          789    .ARM.Collect$$$$00000008  mc_w.l(entry7b.o)
    0x000000f8   0x00000000   Code   RO          791    .ARM.Collect$$$$0000000A  mc_w.l(entry8b.o)
    0x000000f8   0x00000008   Code   RO          792    .ARM.Collect$$$$0000000B  mc_w.l(entry9a.o)
    0x00000100   0x00000000   Code   RO          794    .ARM.Collect$$$$0000000D  mc_w.l(entry10a.o)
    0x00000100   0x00000000   Code   RO          796    .ARM.Collect$$$$0000000F  mc_w.l(entry11a.o)
    0x00000100   0x00000004   Code   RO          785    .ARM.Collect$$$$00002712  mc_w.l(entry2.o)
    0x00000104   0x000007a0   Code   RO            3    .text               master.o
    0x000008a4   0x00000024   Code   RO           95    .text               startup_aducrf101.o
    0x000008c8   0x00000ce0   Code   RO          144    .text               radioeng.o
    0x000015a8   0x000000b8   Code   RO          177    .text               system_aducrf101.o
    0x00001660   0x00000110   Code   RO          269    .text               diolib.o
    0x00001770   0x00000080   Code   RO          289    .text               gptlib.o
    0x000017f0   0x000000c4   Code   RO          389    .text               urtlib.o
    0x000018b4   0x00000068   Code   RO          409    .text               wdtlib.o
    0x0000191c   0x000001a8   Code   RO          429    .text               dmalib.o
    0x00001ac4   0x00000024   Code   RO          507    .text               mc_w.l(memcpya.o)
    0x00001ae8   0x00000024   Code   RO          509    .text               mc_w.l(memseta.o)
    0x00001b0c   0x00000018   Code   RO          511    .text               mc_w.l(strcat.o)
    0x00001b24   0x00000012   Code   RO          513    .text               mc_w.l(strcpy.o)
    0x00001b36   0x000000e4   Code   RO          778    .text               mf_w.l(dmul.o)
    0x00001c1a   0x0000001a   Code   RO          780    .text               mf_w.l(dfltui.o)
    0x00001c34   0x00000032   Code   RO          782    .text               mf_w.l(dfixui.o)
    0x00001c66   0x0000002c   Code   RO          798    .text               mc_w.l(uidiv.o)
    0x00001c92   0x00000062   Code   RO          800    .text               mc_w.l(uldiv.o)
    0x00001cf4   0x00000020   Code   RO          802    .text               mc_w.l(llushr.o)
    0x00001d14   0x00000000   Code   RO          804    .text               mc_w.l(iusefp.o)
    0x00001d14   0x000000be   Code   RO          805    .text               mf_w.l(depilogue.o)
    0x00001dd2   0x0000014e   Code   RO          807    .text               mf_w.l(dadd.o)
    0x00001f20   0x000000de   Code   RO          809    .text               mf_w.l(ddiv.o)
    0x00001ffe   0x00000030   Code   RO          811    .text               mf_w.l(dfixul.o)
    0x0000202e   0x00000002   PAD
    0x00002030   0x00000028   Code   RO          813    .text               mf_w.l(cdrcmple.o)
    0x00002058   0x00000024   Code   RO          815    .text               mc_w.l(init.o)
    0x0000207c   0x0000001e   Code   RO          817    .text               mc_w.l(llshl.o)
    0x0000209a   0x00000024   Code   RO          819    .text               mc_w.l(llsshr.o)
    0x000020be   0x00000002   PAD
    0x000020c0   0x00000028   Code   RO          564    i.__0sprintf$1      mc_w.l(printf1.o)
    0x000020e8   0x00000024   Code   RO          756    i.__0vsprintf       mc_w.l(printfa.o)
    0x0000210c   0x0000000e   Code   RO          823    i.__scatterload_copy  mc_w.l(handlers.o)
    0x0000211a   0x00000002   Code   RO          824    i.__scatterload_null  mc_w.l(handlers.o)
    0x0000211c   0x0000000e   Code   RO          825    i.__scatterload_zeroinit  mc_w.l(handlers.o)
    0x0000212a   0x00000002   PAD
    0x0000212c   0x0000015c   Code   RO          757    i._fp_digits        mc_w.l(printfa.o)
    0x00002288   0x00000154   Code   RO          569    i._printf_core      mc_w.l(printf1.o)
    0x000023dc   0x000006f0   Code   RO          758    i._printf_core      mc_w.l(printfa.o)
    0x00002acc   0x00000026   Code   RO          759    i._printf_post_padding  mc_w.l(printfa.o)
    0x00002af2   0x00000030   Code   RO          760    i._printf_pre_padding  mc_w.l(printfa.o)
    0x00002b22   0x0000000a   Code   RO          571    i._sputc            mc_w.l(printf1.o)
    0x00002b2c   0x0000000a   Code   RO          762    i._sputc            mc_w.l(printfa.o)
    0x00002b36   0x000000c0   Data   RO          146    .constdata          radioeng.o
    0x00002bf6   0x00000002   PAD
    0x00002bf8   0x00000020   Data   RO          821    Region$$Table       anon$$obj.o


    Execution Region RW_IRAM1 (Base: 0x20000000, Size: 0x00003000, Max: 0x00004000, ABSOLUTE)

    Base Addr    Size         Type   Attr      Idx    E Section Name        Object

    0x20000000   0x0000001c   Data   RW            5    .data               master.o
    0x2000001c   0x0000000a   Data   RW          147    .data               radioeng.o
    0x20000026   0x00000002   PAD
    0x20000028   0x0000000c   Data   RW          178    .data               system_aducrf101.o
    0x20000034   0x000028d7   Zero   RW            4    .bss                master.o
    0x2000290b   0x00000040   Zero   RW          145    .bss                radioeng.o
    0x2000294b   0x000000b5   PAD
    0x20002a00   0x00000200   Zero   RW          430    .bss                dmalib.o
    0x20002c00   0x00000400   Zero   RW           92    STACK               startup_aducrf101.o


==============================================================================

Image component sizes


      Code (inc. data)   RO Data    RW Data    ZI Data      Debug   Object Name

         0          0          0          0          0     205976   adclib.o
       272          0          0          0          0       3857   diolib.o
       424         56          0          0        512       1722   dmalib.o
       128         10          0          0          0       2201   gptlib.o
      1952        238          0         28      10455     240577   master.o
      3296        180        192         10         64      39074   radioeng.o
        36          8        240          0       1024        764   startup_aducrf101.o
       184         24          0         12          0       1481   system_aducrf101.o
       196         10          0          0          0       2204   urtlib.o
       104          8          0          0          0       1289   wdtlib.o

    ----------------------------------------------------------------------
      6592        534        466         52      12236     499145   Object Totals
         0          0         32          0          0          0   (incl. Generated)
         0          0          2          2        181          0   (incl. Padding)

    ----------------------------------------------------------------------

      Code (inc. data)   RO Data    RW Data    ZI Data      Debug   Library Member Name

         0          0          0          0          0          0   entry.o
         0          0          0          0          0          0   entry10a.o
         0          0          0          0          0          0   entry11a.o
         8          4          0          0          0          0   entry2.o
         4          0          0          0          0          0   entry5.o
         0          0          0          0          0          0   entry7b.o
         0          0          0          0          0          0   entry8b.o
         8          4          0          0          0          0   entry9a.o
        30          0          0          0          0          0   handlers.o
        36          8          0          0          0         68   init.o
         0          0          0          0          0          0   iusefp.o
        30          0          0          0          0         68   llshl.o
        36          0          0          0          0         68   llsshr.o
        32          0          0          0          0         68   llushr.o
        36          0          0          0          0         68   memcpya.o
        36          0          0          0          0        108   memseta.o
       390         12          0          0          0        248   printf1.o
      2256         86          0          0          0        508   printfa.o
        24          0          0          0          0         68   strcat.o
        18          0          0          0          0         68   strcpy.o
        44          0          0          0          0         80   uidiv.o
        98          0          0          0          0         92   uldiv.o
        40          2          0          0          0         68   cdrcmple.o
       334          0          0          0          0        148   dadd.o
       222          0          0          0          0        100   ddiv.o
       190          0          0          0          0        176   depilogue.o
        50          0          0          0          0         76   dfixui.o
        48          0          0          0          0         68   dfixul.o
        26          0          0          0          0         76   dfltui.o
       228          0          0          0          0         96   dmul.o

    ----------------------------------------------------------------------
      4230        116          0          0          0       2320   Library Totals
         6          0          0          0          0          0   (incl. Padding)

    ----------------------------------------------------------------------

      Code (inc. data)   RO Data    RW Data    ZI Data      Debug   Library Name

      3086        114          0          0          0       1512   mc_w.l
      1138          2          0          0          0        808   mf_w.l

    ----------------------------------------------------------------------
      4230        116          0          0          0       2320   Library Totals

    ----------------------------------------------------------------------

==============================================================================


      Code (inc. data)   RO Data    RW Data    ZI Data      Debug   

     10822        650        466         52      12236     499281   Grand Totals
     10822        650        466         52      12236     499281   ELF Image Totals
     10822        650        466         52          0          0   ROM Totals

==============================================================================

    Total RO  Size (Code + RO Data)                11288 (  11.02kB)
    Total RW  Size (RW Data + ZI Data)             12288 (  12.00kB)
    Total ROM Size (Code + RO Data + RW Data)      11340 (  11.07kB)

==============================================================================

