<html>
<body>
<pre>
<h1>µVision Build Log</h1>
<h2>Project:</h2>
D:\Radio\Aduc_rf101_my_sw\Projects\time_multiplex\Radio.uvproj
Project File Date:  09/13/2015

<h2>Output:</h2>
Build target 'Master'
compiling Master.c...
src\Master.c(168): warning:  #167-D: argument of type "char *" is incompatible with parameter of type "unsigned char *"
src\Master.c(186): warning:  #167-D: argument of type "char *" is incompatible with parameter of type "unsigned char *"
src\Master.c(278): warning:  #68-D: integer conversion resulted in a change of sign
src\Master.c(291): warning:  #68-D: integer conversion resulted in a change of sign
src\Master.c(301): warning:  #68-D: integer conversion resulted in a change of sign
src\Master.c(307): warning:  #167-D: argument of type "unsigned char *" is incompatible with parameter of type "const char *restrict"
src\Master.c(336): warning:  #167-D: argument of type "char *" is incompatible with parameter of type "unsigned char *"
src\Master.c(342): warning:  #177-D: variable "t1" was declared but never referenced
src\Master.c(342): warning:  #177-D: variable "t2" was declared but never referenced
src\Master.c(429): warning:  #167-D: argument of type "unsigned char *" is incompatible with parameter of type "const char *restrict"
src\Master.c(390): warning:  #177-D: variable "str" was declared but never referenced
src\Master.c(490): warning:  #167-D: argument of type "char *" is incompatible with parameter of type "unsigned char *"
linking...
.\obj\Radio.axf: Error: L6406E: No space in execution regions with .ANY selector matching master.o(.bss).
.\obj\Radio.axf: Error: L6407E: Sections of aggregate size 0x50b0 bytes could not fit into .ANY selector(s).
Target not created
Build target 'Master'
compiling Master.c...
src\Master.c(173): warning:  #167-D: argument of type "char *" is incompatible with parameter of type "unsigned char *"
src\Master.c(191): warning:  #167-D: argument of type "char *" is incompatible with parameter of type "unsigned char *"
src\Master.c(283): warning:  #68-D: integer conversion resulted in a change of sign
src\Master.c(296): warning:  #68-D: integer conversion resulted in a change of sign
src\Master.c(306): warning:  #68-D: integer conversion resulted in a change of sign
src\Master.c(312): warning:  #167-D: argument of type "unsigned char *" is incompatible with parameter of type "const char *restrict"
src\Master.c(341): warning:  #167-D: argument of type "char *" is incompatible with parameter of type "unsigned char *"
src\Master.c(348): warning:  #177-D: variable "t1" was declared but never referenced
src\Master.c(348): warning:  #177-D: variable "t2" was declared but never referenced
src\Master.c(435): warning:  #167-D: argument of type "unsigned char *" is incompatible with parameter of type "const char *restrict"
src\Master.c(396): warning:  #177-D: variable "str" was declared but never referenced
src\Master.c(498): warning:  #167-D: argument of type "char *" is incompatible with parameter of type "unsigned char *"
linking...
Program Size: Code=10702 RO-data=466 RW-data=64 ZI-data=12224  
FromELF: creating hex file...
".\obj\Radio.axf" - 0 Error(s), 12 Warning(s).
Build target 'Master'
compiling Master.c...
src\Master.c(173): warning:  #167-D: argument of type "char *" is incompatible with parameter of type "unsigned char *"
src\Master.c(191): warning:  #167-D: argument of type "char *" is incompatible with parameter of type "unsigned char *"
src\Master.c(283): warning:  #68-D: integer conversion resulted in a change of sign
src\Master.c(296): warning:  #68-D: integer conversion resulted in a change of sign
src\Master.c(306): warning:  #68-D: integer conversion resulted in a change of sign
src\Master.c(312): warning:  #167-D: argument of type "unsigned char *" is incompatible with parameter of type "const char *restrict"
src\Master.c(341): warning:  #167-D: argument of type "char *" is incompatible with parameter of type "unsigned char *"
src\Master.c(348): warning:  #177-D: variable "t1" was declared but never referenced
src\Master.c(348): warning:  #177-D: variable "t2" was declared but never referenced
src\Master.c(435): warning:  #167-D: argument of type "unsigned char *" is incompatible with parameter of type "const char *restrict"
src\Master.c(396): warning:  #177-D: variable "str" was declared but never referenced
src\Master.c(498): warning:  #167-D: argument of type "char *" is incompatible with parameter of type "unsigned char *"
linking...
Program Size: Code=10750 RO-data=466 RW-data=64 ZI-data=12224  
FromELF: creating hex file...
".\obj\Radio.axf" - 0 Error(s), 12 Warning(s).
Build target 'Master'
compiling Master.c...
src\Master.c(173): warning:  #167-D: argument of type "char *" is incompatible with parameter of type "unsigned char *"
src\Master.c(191): warning:  #167-D: argument of type "char *" is incompatible with parameter of type "unsigned char *"
src\Master.c(283): warning:  #68-D: integer conversion resulted in a change of sign
src\Master.c(296): warning:  #68-D: integer conversion resulted in a change of sign
src\Master.c(306): warning:  #68-D: integer conversion resulted in a change of sign
src\Master.c(312): warning:  #167-D: argument of type "unsigned char *" is incompatible with parameter of type "const char *restrict"
src\Master.c(341): warning:  #167-D: argument of type "char *" is incompatible with parameter of type "unsigned char *"
src\Master.c(434): warning:  #167-D: argument of type "unsigned char *" is incompatible with parameter of type "const char *restrict"
src\Master.c(497): warning:  #167-D: argument of type "char *" is incompatible with parameter of type "unsigned char *"
linking...
Program Size: Code=10750 RO-data=466 RW-data=64 ZI-data=12224  
FromELF: creating hex file...
".\obj\Radio.axf" - 0 Error(s), 9 Warning(s).
Build target 'Master'
compiling Master.c...
src\Master.c(173): warning:  #167-D: argument of type "char *" is incompatible with parameter of type "unsigned char *"
src\Master.c(191): warning:  #167-D: argument of type "char *" is incompatible with parameter of type "unsigned char *"
src\Master.c(283): warning:  #68-D: integer conversion resulted in a change of sign
src\Master.c(296): warning:  #68-D: integer conversion resulted in a change of sign
src\Master.c(306): warning:  #68-D: integer conversion resulted in a change of sign
src\Master.c(312): warning:  #167-D: argument of type "unsigned char *" is incompatible with parameter of type "const char *restrict"
src\Master.c(341): warning:  #167-D: argument of type "char *" is incompatible with parameter of type "unsigned char *"
src\Master.c(434): warning:  #167-D: argument of type "unsigned char *" is incompatible with parameter of type "const char *restrict"
src\Master.c(497): warning:  #167-D: argument of type "char *" is incompatible with parameter of type "unsigned char *"
linking...
Program Size: Code=10718 RO-data=466 RW-data=64 ZI-data=12224  
FromELF: creating hex file...
".\obj\Radio.axf" - 0 Error(s), 9 Warning(s).
Load "D:\\Radio\\Aduc_rf101_my_sw\\Projects\\time_multiplex\\obj\\Radio.axf" 
Set JLink Project File to "D:\Radio\Aduc_rf101_my_sw\Projects\time_multiplex\JLinkSettings.ini"
* JLink Info: Device "ADUCRF101" selected (128 KB flash, 16 KB RAM).
 
JLink info:
------------
DLL: V4.68a, compiled Apr 12 2013 13:26:50
Firmware: J-Link Lite-ADI Rev.1 compiled Jan  7 2013 17:58:04
Hardware: V1.00
S/N : 541002910 
OEM : ADI 
 
* JLink Info: Found SWD-DP with ID 0x2BA01477
* JLink Info: FPUnit: 6 code (BP) slots and 2 literal slots
* JLink Info: Found Cortex-M3 r2p0, Little endian.
ROMTableAddr = 0xE00FF003
 
Target info:
------------
Device: ADuCRF101
VTarget = 3.614V
State of Pins: 
TCK: 0, TDI: 0, TDO: 0, TMS: 0, TRES: 1, TRST: 1
Hardware-Breakpoints: 6
Software-Breakpoints: 8192
Watchpoints:          4
JTAG speed: 2000 kHz
 
Full Chip Erase Done.
Programming Done.
Verify OK.
Build target 'Master'
compiling Master.c...
src\Master.c(173): warning:  #167-D: argument of type "char *" is incompatible with parameter of type "unsigned char *"
src\Master.c(191): warning:  #167-D: argument of type "char *" is incompatible with parameter of type "unsigned char *"
src\Master.c(283): warning:  #68-D: integer conversion resulted in a change of sign
src\Master.c(296): warning:  #68-D: integer conversion resulted in a change of sign
src\Master.c(306): warning:  #68-D: integer conversion resulted in a change of sign
src\Master.c(312): warning:  #167-D: argument of type "unsigned char *" is incompatible with parameter of type "const char *restrict"
src\Master.c(343): warning:  #167-D: argument of type "char *" is incompatible with parameter of type "unsigned char *"
src\Master.c(437): warning:  #167-D: argument of type "unsigned char *" is incompatible with parameter of type "const char *restrict"
src\Master.c(500): warning:  #167-D: argument of type "char *" is incompatible with parameter of type "unsigned char *"
compiling radioeng.c...
linking...
Program Size: Code=10734 RO-data=466 RW-data=64 ZI-data=12224  
FromELF: creating hex file...
".\obj\Radio.axf" - 0 Error(s), 9 Warning(s).
Build target 'Master'
compiling Master.c...
src\Master.c(173): warning:  #167-D: argument of type "char *" is incompatible with parameter of type "unsigned char *"
src\Master.c(191): warning:  #167-D: argument of type "char *" is incompatible with parameter of type "unsigned char *"
src\Master.c(284): warning:  #68-D: integer conversion resulted in a change of sign
src\Master.c(297): warning:  #68-D: integer conversion resulted in a change of sign
src\Master.c(307): warning:  #68-D: integer conversion resulted in a change of sign
src\Master.c(313): warning:  #167-D: argument of type "unsigned char *" is incompatible with parameter of type "const char *restrict"
src\Master.c(344): warning:  #167-D: argument of type "char *" is incompatible with parameter of type "unsigned char *"
src\Master.c(438): warning:  #167-D: argument of type "unsigned char *" is incompatible with parameter of type "const char *restrict"
src\Master.c(501): warning:  #167-D: argument of type "char *" is incompatible with parameter of type "unsigned char *"
linking...
Program Size: Code=10750 RO-data=466 RW-data=64 ZI-data=12224  
FromELF: creating hex file...
".\obj\Radio.axf" - 0 Error(s), 9 Warning(s).
Load "D:\\Radio\\Aduc_rf101_my_sw\\Projects\\time_multiplex\\obj\\Radio.axf" 
Set JLink Project File to "D:\Radio\Aduc_rf101_my_sw\Projects\time_multiplex\JLinkSettings.ini"
* JLink Info: Device "ADUCRF101" selected (128 KB flash, 16 KB RAM).
 
JLink info:
------------
DLL: V4.68a, compiled Apr 12 2013 13:26:50
Firmware: J-Link Lite-ADI Rev.1 compiled Jan  7 2013 17:58:04
Hardware: V1.00
S/N : 541002910 
OEM : ADI 
 
* JLink Info: Found SWD-DP with ID 0x2BA01477
* JLink Info: FPUnit: 6 code (BP) slots and 2 literal slots
* JLink Info: Found Cortex-M3 r2p0, Little endian.
ROMTableAddr = 0xE00FF003
 
Target info:
------------
Device: ADuCRF101
VTarget = 3.621V
State of Pins: 
TCK: 0, TDI: 0, TDO: 0, TMS: 0, TRES: 1, TRST: 1
Hardware-Breakpoints: 6
Software-Breakpoints: 8192
Watchpoints:          4
JTAG speed: 2000 kHz
 
Full Chip Erase Done.
Programming Done.
Verify OK.
Build target 'Master'
compiling Master.c...
src\Master.c(173): warning:  #167-D: argument of type "char *" is incompatible with parameter of type "unsigned char *"
src\Master.c(191): warning:  #167-D: argument of type "char *" is incompatible with parameter of type "unsigned char *"
src\Master.c(284): warning:  #68-D: integer conversion resulted in a change of sign
src\Master.c(297): warning:  #68-D: integer conversion resulted in a change of sign
src\Master.c(307): warning:  #68-D: integer conversion resulted in a change of sign
src\Master.c(313): warning:  #167-D: argument of type "unsigned char *" is incompatible with parameter of type "const char *restrict"
src\Master.c(344): warning:  #167-D: argument of type "char *" is incompatible with parameter of type "unsigned char *"
src\Master.c(438): warning:  #167-D: argument of type "unsigned char *" is incompatible with parameter of type "const char *restrict"
src\Master.c(501): warning:  #167-D: argument of type "char *" is incompatible with parameter of type "unsigned char *"
linking...
Program Size: Code=10746 RO-data=466 RW-data=64 ZI-data=12224  
FromELF: creating hex file...
".\obj\Radio.axf" - 0 Error(s), 9 Warning(s).
Load "D:\\Radio\\Aduc_rf101_my_sw\\Projects\\time_multiplex\\obj\\Radio.axf" 
Set JLink Project File to "D:\Radio\Aduc_rf101_my_sw\Projects\time_multiplex\JLinkSettings.ini"
* JLink Info: Device "ADUCRF101" selected (128 KB flash, 16 KB RAM).
 
JLink info:
------------
DLL: V4.68a, compiled Apr 12 2013 13:26:50
Firmware: J-Link Lite-ADI Rev.1 compiled Jan  7 2013 17:58:04
Hardware: V1.00
S/N : 541002910 
OEM : ADI 
 
* JLink Info: Found SWD-DP with ID 0x2BA01477
* JLink Info: FPUnit: 6 code (BP) slots and 2 literal slots
* JLink Info: Found Cortex-M3 r2p0, Little endian.
ROMTableAddr = 0xE00FF003
 
Target info:
------------
Device: ADuCRF101
VTarget = 3.628V
State of Pins: 
TCK: 0, TDI: 0, TDO: 0, TMS: 0, TRES: 1, TRST: 1
Hardware-Breakpoints: 6
Software-Breakpoints: 8192
Watchpoints:          4
JTAG speed: 2000 kHz
 
Full Chip Erase Done.
Programming Done.
Verify OK.
Build target 'Master'
compiling Master.c...
src\Master.c(173): warning:  #167-D: argument of type "char *" is incompatible with parameter of type "unsigned char *"
src\Master.c(191): warning:  #167-D: argument of type "char *" is incompatible with parameter of type "unsigned char *"
src\Master.c(283): warning:  #68-D: integer conversion resulted in a change of sign
src\Master.c(296): warning:  #68-D: integer conversion resulted in a change of sign
src\Master.c(306): warning:  #68-D: integer conversion resulted in a change of sign
src\Master.c(312): warning:  #167-D: argument of type "unsigned char *" is incompatible with parameter of type "const char *restrict"
src\Master.c(343): warning:  #167-D: argument of type "char *" is incompatible with parameter of type "unsigned char *"
src\Master.c(437): warning:  #167-D: argument of type "unsigned char *" is incompatible with parameter of type "const char *restrict"
src\Master.c(500): warning:  #167-D: argument of type "char *" is incompatible with parameter of type "unsigned char *"
linking...
Program Size: Code=10746 RO-data=466 RW-data=64 ZI-data=12224  
FromELF: creating hex file...
".\obj\Radio.axf" - 0 Error(s), 9 Warning(s).
Load "D:\\Radio\\Aduc_rf101_my_sw\\Projects\\time_multiplex\\obj\\Radio.axf" 
Set JLink Project File to "D:\Radio\Aduc_rf101_my_sw\Projects\time_multiplex\JLinkSettings.ini"
* JLink Info: Device "ADUCRF101" selected (128 KB flash, 16 KB RAM).
 
JLink info:
------------
DLL: V4.68a, compiled Apr 12 2013 13:26:50
Firmware: J-Link Lite-ADI Rev.1 compiled Jan  7 2013 17:58:04
Hardware: V1.00
S/N : 541002910 
OEM : ADI 
 
* JLink Info: Found SWD-DP with ID 0x2BA01477
* JLink Info: FPUnit: 6 code (BP) slots and 2 literal slots
* JLink Info: Found Cortex-M3 r2p0, Little endian.
ROMTableAddr = 0xE00FF003
 
Target info:
------------
Device: ADuCRF101
VTarget = 3.621V
State of Pins: 
TCK: 0, TDI: 0, TDO: 0, TMS: 0, TRES: 1, TRST: 1
Hardware-Breakpoints: 6
Software-Breakpoints: 8192
Watchpoints:          4
JTAG speed: 2000 kHz
 
Full Chip Erase Done.
Programming Done.
Verify OK.
Build target 'Master'
compiling Master.c...
src\Master.c(173): warning:  #167-D: argument of type "char *" is incompatible with parameter of type "unsigned char *"
src\Master.c(191): warning:  #167-D: argument of type "char *" is incompatible with parameter of type "unsigned char *"
src\Master.c(283): warning:  #68-D: integer conversion resulted in a change of sign
src\Master.c(296): warning:  #68-D: integer conversion resulted in a change of sign
src\Master.c(306): warning:  #68-D: integer conversion resulted in a change of sign
src\Master.c(312): warning:  #167-D: argument of type "unsigned char *" is incompatible with parameter of type "const char *restrict"
src\Master.c(348): warning:  #223-D: function "DMA_UART_TX_Int_Handler" declared implicitly
src\Master.c(349): error:  #65: expected a ";"
src\Master.c(325): warning:  #177-D: variable "len" was declared but never referenced
src\Master.c(326): warning:  #177-D: variable "pktMemoryPtr" was declared but never referenced
src\Master.c(438): warning:  #167-D: argument of type "unsigned char *" is incompatible with parameter of type "const char *restrict"
src\Master.c(484): error:  #159: declaration is incompatible with previous "DMA_UART_TX_Int_Handler" (declared at line 348)
src\Master.c(501): warning:  #167-D: argument of type "char *" is incompatible with parameter of type "unsigned char *"
Target not created
Build target 'Master'
compiling Master.c...
src\Master.c(173): warning:  #167-D: argument of type "char *" is incompatible with parameter of type "unsigned char *"
src\Master.c(191): warning:  #167-D: argument of type "char *" is incompatible with parameter of type "unsigned char *"
src\Master.c(283): warning:  #68-D: integer conversion resulted in a change of sign
src\Master.c(296): warning:  #68-D: integer conversion resulted in a change of sign
src\Master.c(306): warning:  #68-D: integer conversion resulted in a change of sign
src\Master.c(312): warning:  #167-D: argument of type "unsigned char *" is incompatible with parameter of type "const char *restrict"
src\Master.c(348): warning:  #223-D: function "DMA_UART_TX_Int_Handler" declared implicitly
src\Master.c(325): warning:  #177-D: variable "len" was declared but never referenced
src\Master.c(326): warning:  #177-D: variable "pktMemoryPtr" was declared but never referenced
src\Master.c(438): warning:  #167-D: argument of type "unsigned char *" is incompatible with parameter of type "const char *restrict"
src\Master.c(484): error:  #159: declaration is incompatible with previous "DMA_UART_TX_Int_Handler" (declared at line 348)
src\Master.c(501): warning:  #167-D: argument of type "char *" is incompatible with parameter of type "unsigned char *"
Target not created
Build target 'Master'
compiling Master.c...
src\Master.c(171): warning:  #167-D: argument of type "char *" is incompatible with parameter of type "unsigned char *"
src\Master.c(189): warning:  #167-D: argument of type "char *" is incompatible with parameter of type "unsigned char *"
src\Master.c(281): warning:  #68-D: integer conversion resulted in a change of sign
src\Master.c(294): warning:  #68-D: integer conversion resulted in a change of sign
src\Master.c(304): warning:  #68-D: integer conversion resulted in a change of sign
src\Master.c(310): warning:  #167-D: argument of type "unsigned char *" is incompatible with parameter of type "const char *restrict"
src\Master.c(323): warning:  #177-D: variable "len" was declared but never referenced
src\Master.c(324): warning:  #177-D: variable "pktMemoryPtr" was declared but never referenced
src\Master.c(436): warning:  #167-D: argument of type "unsigned char *" is incompatible with parameter of type "const char *restrict"
src\Master.c(499): warning:  #167-D: argument of type "char *" is incompatible with parameter of type "unsigned char *"
linking...
Program Size: Code=10686 RO-data=466 RW-data=64 ZI-data=12224  
FromELF: creating hex file...
".\obj\Radio.axf" - 0 Error(s), 10 Warning(s).
Load "D:\\Radio\\Aduc_rf101_my_sw\\Projects\\time_multiplex\\obj\\Radio.axf" 
Set JLink Project File to "D:\Radio\Aduc_rf101_my_sw\Projects\time_multiplex\JLinkSettings.ini"
* JLink Info: Device "ADUCRF101" selected (128 KB flash, 16 KB RAM).
 
JLink info:
------------
DLL: V4.68a, compiled Apr 12 2013 13:26:50
Firmware: J-Link Lite-ADI Rev.1 compiled Jan  7 2013 17:58:04
Hardware: V1.00
S/N : 541002910 
OEM : ADI 
 
* JLink Info: Found SWD-DP with ID 0x2BA01477
* JLink Info: FPUnit: 6 code (BP) slots and 2 literal slots
* JLink Info: Found Cortex-M3 r2p0, Little endian.
ROMTableAddr = 0xE00FF003
 
Target info:
------------
Device: ADuCRF101
VTarget = 3.628V
State of Pins: 
TCK: 0, TDI: 0, TDO: 0, TMS: 0, TRES: 1, TRST: 1
Hardware-Breakpoints: 6
Software-Breakpoints: 8192
Watchpoints:          4
JTAG speed: 2000 kHz
 
Full Chip Erase Done.
Programming Done.
Verify OK.
Build target 'Master'
compiling Master.c...
src\Master.c(172): warning:  #167-D: argument of type "char *" is incompatible with parameter of type "unsigned char *"
src\Master.c(190): warning:  #167-D: argument of type "char *" is incompatible with parameter of type "unsigned char *"
src\Master.c(282): warning:  #68-D: integer conversion resulted in a change of sign
src\Master.c(295): warning:  #68-D: integer conversion resulted in a change of sign
src\Master.c(305): warning:  #68-D: integer conversion resulted in a change of sign
src\Master.c(311): warning:  #167-D: argument of type "unsigned char *" is incompatible with parameter of type "const char *restrict"
src\Master.c(324): warning:  #177-D: variable "len" was declared but never referenced
src\Master.c(325): warning:  #177-D: variable "pktMemoryPtr" was declared but never referenced
src\Master.c(438): warning:  #167-D: argument of type "unsigned char *" is incompatible with parameter of type "const char *restrict"
src\Master.c(501): warning:  #167-D: argument of type "char *" is incompatible with parameter of type "unsigned char *"
linking...
Program Size: Code=10730 RO-data=466 RW-data=64 ZI-data=12224  
FromELF: creating hex file...
".\obj\Radio.axf" - 0 Error(s), 10 Warning(s).
Load "D:\\Radio\\Aduc_rf101_my_sw\\Projects\\time_multiplex\\obj\\Radio.axf" 
Set JLink Project File to "D:\Radio\Aduc_rf101_my_sw\Projects\time_multiplex\JLinkSettings.ini"
* JLink Info: Device "ADUCRF101" selected (128 KB flash, 16 KB RAM).
 
JLink info:
------------
DLL: V4.68a, compiled Apr 12 2013 13:26:50
Firmware: J-Link Lite-ADI Rev.1 compiled Jan  7 2013 17:58:04
Hardware: V1.00
S/N : 541002910 
OEM : ADI 
 
* JLink Info: Found SWD-DP with ID 0x2BA01477
* JLink Info: FPUnit: 6 code (BP) slots and 2 literal slots
* JLink Info: Found Cortex-M3 r2p0, Little endian.
ROMTableAddr = 0xE00FF003
 
Target info:
------------
Device: ADuCRF101
VTarget = 3.614V
State of Pins: 
TCK: 0, TDI: 0, TDO: 0, TMS: 0, TRES: 1, TRST: 1
Hardware-Breakpoints: 6
Software-Breakpoints: 8192
Watchpoints:          4
JTAG speed: 2000 kHz
 
Full Chip Erase Done.
Programming Done.
Verify OK.
Build target 'Master'
compiling Master.c...
src\Master.c(172): warning:  #167-D: argument of type "char *" is incompatible with parameter of type "unsigned char *"
src\Master.c(190): warning:  #167-D: argument of type "char *" is incompatible with parameter of type "unsigned char *"
src\Master.c(282): warning:  #68-D: integer conversion resulted in a change of sign
src\Master.c(295): warning:  #68-D: integer conversion resulted in a change of sign
src\Master.c(305): warning:  #68-D: integer conversion resulted in a change of sign
src\Master.c(311): warning:  #167-D: argument of type "unsigned char *" is incompatible with parameter of type "const char *restrict"
src\Master.c(324): warning:  #177-D: variable "len" was declared but never referenced
src\Master.c(325): warning:  #177-D: variable "pktMemoryPtr" was declared but never referenced
src\Master.c(365): warning:  #68-D: integer conversion resulted in a change of sign
src\Master.c(439): warning:  #167-D: argument of type "unsigned char *" is incompatible with parameter of type "const char *restrict"
src\Master.c(502): warning:  #167-D: argument of type "char *" is incompatible with parameter of type "unsigned char *"
linking...
Program Size: Code=10750 RO-data=466 RW-data=64 ZI-data=12224  
FromELF: creating hex file...
".\obj\Radio.axf" - 0 Error(s), 11 Warning(s).
Load "D:\\Radio\\Aduc_rf101_my_sw\\Projects\\time_multiplex\\obj\\Radio.axf" 
Set JLink Project File to "D:\Radio\Aduc_rf101_my_sw\Projects\time_multiplex\JLinkSettings.ini"
* JLink Info: Device "ADUCRF101" selected (128 KB flash, 16 KB RAM).
 
JLink info:
------------
DLL: V4.68a, compiled Apr 12 2013 13:26:50
Firmware: J-Link Lite-ADI Rev.1 compiled Jan  7 2013 17:58:04
Hardware: V1.00
S/N : 541002910 
OEM : ADI 
 
* JLink Info: Found SWD-DP with ID 0x2BA01477
* JLink Info: FPUnit: 6 code (BP) slots and 2 literal slots
* JLink Info: Found Cortex-M3 r2p0, Little endian.
ROMTableAddr = 0xE00FF003
 
Target info:
------------
Device: ADuCRF101
VTarget = 3.621V
State of Pins: 
TCK: 0, TDI: 0, TDO: 0, TMS: 0, TRES: 1, TRST: 1
Hardware-Breakpoints: 6
Software-Breakpoints: 8192
Watchpoints:          4
JTAG speed: 2000 kHz
 
Full Chip Erase Done.
Programming Done.
Verify OK.
Build target 'Master'
compiling Master.c...
src\Master.c(56): warning:  #68-D: integer conversion resulted in a change of sign
src\Master.c(56): warning:  #68-D: integer conversion resulted in a change of sign
src\Master.c(56): warning:  #68-D: integer conversion resulted in a change of sign
src\Master.c(56): warning:  #68-D: integer conversion resulted in a change of sign
src\Master.c(56): warning:  #68-D: integer conversion resulted in a change of sign
src\Master.c(56): warning:  #68-D: integer conversion resulted in a change of sign
src\Master.c(56): warning:  #68-D: integer conversion resulted in a change of sign
src\Master.c(56): warning:  #68-D: integer conversion resulted in a change of sign
src\Master.c(172): warning:  #167-D: argument of type "char *" is incompatible with parameter of type "unsigned char *"
src\Master.c(190): warning:  #167-D: argument of type "char *" is incompatible with parameter of type "unsigned char *"
src\Master.c(282): warning:  #68-D: integer conversion resulted in a change of sign
src\Master.c(295): warning:  #68-D: integer conversion resulted in a change of sign
src\Master.c(305): warning:  #68-D: integer conversion resulted in a change of sign
src\Master.c(311): warning:  #167-D: argument of type "unsigned char *" is incompatible with parameter of type "const char *restrict"
src\Master.c(324): warning:  #177-D: variable "len" was declared but never referenced
src\Master.c(325): warning:  #177-D: variable "pktMemoryPtr" was declared but never referenced
src\Master.c(365): warning:  #68-D: integer conversion resulted in a change of sign
src\Master.c(439): warning:  #167-D: argument of type "unsigned char *" is incompatible with parameter of type "const char *restrict"
src\Master.c(502): warning:  #167-D: argument of type "char *" is incompatible with parameter of type "unsigned char *"
linking...
Program Size: Code=10750 RO-data=466 RW-data=64 ZI-data=12224  
FromELF: creating hex file...
".\obj\Radio.axf" - 0 Error(s), 19 Warning(s).
Load "D:\\Radio\\Aduc_rf101_my_sw\\Projects\\time_multiplex\\obj\\Radio.axf" 
Set JLink Project File to "D:\Radio\Aduc_rf101_my_sw\Projects\time_multiplex\JLinkSettings.ini"
* JLink Info: Device "ADUCRF101" selected (128 KB flash, 16 KB RAM).
 
JLink info:
------------
DLL: V4.68a, compiled Apr 12 2013 13:26:50
Firmware: J-Link Lite-ADI Rev.1 compiled Jan  7 2013 17:58:04
Hardware: V1.00
S/N : 541002910 
OEM : ADI 
 
* JLink Info: Found SWD-DP with ID 0x2BA01477
* JLink Info: FPUnit: 6 code (BP) slots and 2 literal slots
* JLink Info: Found Cortex-M3 r2p0, Little endian.
ROMTableAddr = 0xE00FF003
 
Target info:
------------
Device: ADuCRF101
VTarget = 3.621V
State of Pins: 
TCK: 0, TDI: 0, TDO: 0, TMS: 0, TRES: 1, TRST: 1
Hardware-Breakpoints: 6
Software-Breakpoints: 8192
Watchpoints:          4
JTAG speed: 2000 kHz
 
Full Chip Erase Done.
Programming Done.
Verify OK.
Build target 'Master'
compiling Master.c...
src\Master.c(56): warning:  #68-D: integer conversion resulted in a change of sign
src\Master.c(56): warning:  #68-D: integer conversion resulted in a change of sign
src\Master.c(56): warning:  #68-D: integer conversion resulted in a change of sign
src\Master.c(56): warning:  #68-D: integer conversion resulted in a change of sign
src\Master.c(56): warning:  #68-D: integer conversion resulted in a change of sign
src\Master.c(56): warning:  #68-D: integer conversion resulted in a change of sign
src\Master.c(56): warning:  #68-D: integer conversion resulted in a change of sign
src\Master.c(56): warning:  #68-D: integer conversion resulted in a change of sign
src\Master.c(172): warning:  #167-D: argument of type "char *" is incompatible with parameter of type "unsigned char *"
src\Master.c(190): warning:  #167-D: argument of type "char *" is incompatible with parameter of type "unsigned char *"
src\Master.c(282): warning:  #68-D: integer conversion resulted in a change of sign
src\Master.c(295): warning:  #68-D: integer conversion resulted in a change of sign
src\Master.c(305): warning:  #68-D: integer conversion resulted in a change of sign
src\Master.c(311): warning:  #167-D: argument of type "unsigned char *" is incompatible with parameter of type "const char *restrict"
src\Master.c(324): warning:  #177-D: variable "len" was declared but never referenced
src\Master.c(325): warning:  #177-D: variable "pktMemoryPtr" was declared but never referenced
src\Master.c(365): warning:  #68-D: integer conversion resulted in a change of sign
src\Master.c(439): warning:  #167-D: argument of type "unsigned char *" is incompatible with parameter of type "const char *restrict"
src\Master.c(502): warning:  #167-D: argument of type "char *" is incompatible with parameter of type "unsigned char *"
linking...
Program Size: Code=10750 RO-data=466 RW-data=64 ZI-data=12224  
FromELF: creating hex file...
".\obj\Radio.axf" - 0 Error(s), 19 Warning(s).
Load "D:\\Radio\\Aduc_rf101_my_sw\\Projects\\time_multiplex\\obj\\Radio.axf" 
Set JLink Project File to "D:\Radio\Aduc_rf101_my_sw\Projects\time_multiplex\JLinkSettings.ini"
* JLink Info: Device "ADUCRF101" selected (128 KB flash, 16 KB RAM).
 
JLink info:
------------
DLL: V4.68a, compiled Apr 12 2013 13:26:50
Firmware: J-Link Lite-ADI Rev.1 compiled Jan  7 2013 17:58:04
Hardware: V1.00
S/N : 541002910 
OEM : ADI 
 
* JLink Info: Found SWD-DP with ID 0x2BA01477
* JLink Info: FPUnit: 6 code (BP) slots and 2 literal slots
* JLink Info: Found Cortex-M3 r2p0, Little endian.
ROMTableAddr = 0xE00FF003
 
Target info:
------------
Device: ADuCRF101
VTarget = 3.614V
State of Pins: 
TCK: 0, TDI: 0, TDO: 0, TMS: 0, TRES: 1, TRST: 1
Hardware-Breakpoints: 6
Software-Breakpoints: 8192
Watchpoints:          4
JTAG speed: 2000 kHz
 
Full Chip Erase Done.
Programming Done.
Verify OK.
Build target 'Master'
compiling Master.c...
src\Master.c(56): warning:  #68-D: integer conversion resulted in a change of sign
src\Master.c(56): warning:  #68-D: integer conversion resulted in a change of sign
src\Master.c(56): warning:  #68-D: integer conversion resulted in a change of sign
src\Master.c(56): warning:  #68-D: integer conversion resulted in a change of sign
src\Master.c(56): warning:  #68-D: integer conversion resulted in a change of sign
src\Master.c(56): warning:  #68-D: integer conversion resulted in a change of sign
src\Master.c(56): warning:  #68-D: integer conversion resulted in a change of sign
src\Master.c(56): warning:  #68-D: integer conversion resulted in a change of sign
src\Master.c(172): warning:  #167-D: argument of type "char *" is incompatible with parameter of type "unsigned char *"
src\Master.c(190): warning:  #167-D: argument of type "char *" is incompatible with parameter of type "unsigned char *"
src\Master.c(282): warning:  #68-D: integer conversion resulted in a change of sign
src\Master.c(295): warning:  #68-D: integer conversion resulted in a change of sign
src\Master.c(305): warning:  #68-D: integer conversion resulted in a change of sign
src\Master.c(311): warning:  #167-D: argument of type "unsigned char *" is incompatible with parameter of type "const char *restrict"
src\Master.c(324): warning:  #177-D: variable "len" was declared but never referenced
src\Master.c(325): warning:  #177-D: variable "pktMemoryPtr" was declared but never referenced
src\Master.c(365): warning:  #68-D: integer conversion resulted in a change of sign
src\Master.c(439): warning:  #167-D: argument of type "unsigned char *" is incompatible with parameter of type "const char *restrict"
src\Master.c(502): warning:  #167-D: argument of type "char *" is incompatible with parameter of type "unsigned char *"
linking...
Program Size: Code=10770 RO-data=466 RW-data=64 ZI-data=12224  
FromELF: creating hex file...
".\obj\Radio.axf" - 0 Error(s), 19 Warning(s).
Load "D:\\Radio\\Aduc_rf101_my_sw\\Projects\\time_multiplex\\obj\\Radio.axf" 
Set JLink Project File to "D:\Radio\Aduc_rf101_my_sw\Projects\time_multiplex\JLinkSettings.ini"
* JLink Info: Device "ADUCRF101" selected (128 KB flash, 16 KB RAM).
 
JLink info:
------------
DLL: V4.68a, compiled Apr 12 2013 13:26:50
Firmware: J-Link Lite-ADI Rev.1 compiled Jan  7 2013 17:58:04
Hardware: V1.00
S/N : 541002910 
OEM : ADI 
 
* JLink Info: Found SWD-DP with ID 0x2BA01477
* JLink Info: FPUnit: 6 code (BP) slots and 2 literal slots
* JLink Info: Found Cortex-M3 r2p0, Little endian.
ROMTableAddr = 0xE00FF003
 
Target info:
------------
Device: ADuCRF101
VTarget = 3.614V
State of Pins: 
TCK: 0, TDI: 0, TDO: 0, TMS: 0, TRES: 1, TRST: 1
Hardware-Breakpoints: 6
Software-Breakpoints: 8192
Watchpoints:          4
JTAG speed: 2000 kHz
 
Full Chip Erase Done.
Programming Done.
Verify OK.
Build target 'Master'
compiling Master.c...
src\Master.c(172): warning:  #167-D: argument of type "char *" is incompatible with parameter of type "unsigned char *"
src\Master.c(190): warning:  #167-D: argument of type "char *" is incompatible with parameter of type "unsigned char *"
src\Master.c(282): warning:  #68-D: integer conversion resulted in a change of sign
src\Master.c(295): warning:  #68-D: integer conversion resulted in a change of sign
src\Master.c(305): warning:  #68-D: integer conversion resulted in a change of sign
src\Master.c(311): warning:  #167-D: argument of type "unsigned char *" is incompatible with parameter of type "const char *restrict"
src\Master.c(324): warning:  #177-D: variable "len" was declared but never referenced
src\Master.c(325): warning:  #177-D: variable "pktMemoryPtr" was declared but never referenced
src\Master.c(439): warning:  #167-D: argument of type "unsigned char *" is incompatible with parameter of type "const char *restrict"
src\Master.c(502): warning:  #167-D: argument of type "char *" is incompatible with parameter of type "unsigned char *"
linking...
Program Size: Code=10770 RO-data=466 RW-data=64 ZI-data=12224  
FromELF: creating hex file...
".\obj\Radio.axf" - 0 Error(s), 10 Warning(s).
Load "D:\\Radio\\Aduc_rf101_my_sw\\Projects\\time_multiplex\\obj\\Radio.axf" 
Set JLink Project File to "D:\Radio\Aduc_rf101_my_sw\Projects\time_multiplex\JLinkSettings.ini"
* JLink Info: Device "ADUCRF101" selected (128 KB flash, 16 KB RAM).
 
JLink info:
------------
DLL: V4.68a, compiled Apr 12 2013 13:26:50
Firmware: J-Link Lite-ADI Rev.1 compiled Jan  7 2013 17:58:04
Hardware: V1.00
S/N : 541002910 
OEM : ADI 
 
* JLink Info: Found SWD-DP with ID 0x2BA01477
* JLink Info: FPUnit: 6 code (BP) slots and 2 literal slots
* JLink Info: Found Cortex-M3 r2p0, Little endian.
ROMTableAddr = 0xE00FF003
 
Target info:
------------
Device: ADuCRF101
VTarget = 3.621V
State of Pins: 
TCK: 0, TDI: 0, TDO: 0, TMS: 0, TRES: 1, TRST: 1
Hardware-Breakpoints: 6
Software-Breakpoints: 8192
Watchpoints:          4
JTAG speed: 2000 kHz
 
Full Chip Erase Done.
Programming Done.
Verify OK.
Build target 'Master'
compiling Master.c...
src\Master.c(172): warning:  #167-D: argument of type "char *" is incompatible with parameter of type "unsigned char *"
src\Master.c(190): warning:  #167-D: argument of type "char *" is incompatible with parameter of type "unsigned char *"
src\Master.c(282): warning:  #68-D: integer conversion resulted in a change of sign
src\Master.c(295): warning:  #68-D: integer conversion resulted in a change of sign
src\Master.c(305): warning:  #68-D: integer conversion resulted in a change of sign
src\Master.c(311): warning:  #167-D: argument of type "unsigned char *" is incompatible with parameter of type "const char *restrict"
src\Master.c(324): warning:  #177-D: variable "len" was declared but never referenced
src\Master.c(325): warning:  #177-D: variable "pktMemoryPtr" was declared but never referenced
src\Master.c(441): warning:  #167-D: argument of type "unsigned char *" is incompatible with parameter of type "const char *restrict"
src\Master.c(504): warning:  #167-D: argument of type "char *" is incompatible with parameter of type "unsigned char *"
linking...
Program Size: Code=10790 RO-data=466 RW-data=64 ZI-data=12224  
FromELF: creating hex file...
".\obj\Radio.axf" - 0 Error(s), 10 Warning(s).
Load "D:\\Radio\\Aduc_rf101_my_sw\\Projects\\time_multiplex\\obj\\Radio.axf" 
Set JLink Project File to "D:\Radio\Aduc_rf101_my_sw\Projects\time_multiplex\JLinkSettings.ini"
* JLink Info: Device "ADUCRF101" selected (128 KB flash, 16 KB RAM).
 
JLink info:
------------
DLL: V4.68a, compiled Apr 12 2013 13:26:50
Firmware: J-Link Lite-ADI Rev.1 compiled Jan  7 2013 17:58:04
Hardware: V1.00
S/N : 541002910 
OEM : ADI 
 
* JLink Info: Found SWD-DP with ID 0x2BA01477
* JLink Info: FPUnit: 6 code (BP) slots and 2 literal slots
* JLink Info: Found Cortex-M3 r2p0, Little endian.
ROMTableAddr = 0xE00FF003
 
Target info:
------------
Device: ADuCRF101
VTarget = 3.642V
State of Pins: 
TCK: 0, TDI: 0, TDO: 0, TMS: 0, TRES: 1, TRST: 1
Hardware-Breakpoints: 6
Software-Breakpoints: 8192
Watchpoints:          4
JTAG speed: 2000 kHz
 
Full Chip Erase Done.
Programming Done.
Verify OK.
Build target 'Master'
compiling Master.c...
src\Master.c(172): warning:  #167-D: argument of type "char *" is incompatible with parameter of type "unsigned char *"
src\Master.c(190): warning:  #167-D: argument of type "char *" is incompatible with parameter of type "unsigned char *"
src\Master.c(282): warning:  #68-D: integer conversion resulted in a change of sign
src\Master.c(295): warning:  #68-D: integer conversion resulted in a change of sign
src\Master.c(305): warning:  #68-D: integer conversion resulted in a change of sign
src\Master.c(311): warning:  #167-D: argument of type "unsigned char *" is incompatible with parameter of type "const char *restrict"
src\Master.c(324): warning:  #177-D: variable "len" was declared but never referenced
src\Master.c(325): warning:  #177-D: variable "pktMemoryPtr" was declared but never referenced
src\Master.c(441): warning:  #167-D: argument of type "unsigned char *" is incompatible with parameter of type "const char *restrict"
src\Master.c(504): warning:  #167-D: argument of type "char *" is incompatible with parameter of type "unsigned char *"
linking...
Program Size: Code=10786 RO-data=466 RW-data=64 ZI-data=12224  
FromELF: creating hex file...
".\obj\Radio.axf" - 0 Error(s), 10 Warning(s).
Build target 'Master'
compiling Master.c...
src\Master.c(172): warning:  #167-D: argument of type "char *" is incompatible with parameter of type "unsigned char *"
src\Master.c(190): warning:  #167-D: argument of type "char *" is incompatible with parameter of type "unsigned char *"
src\Master.c(266): warning:  #167-D: argument of type "signed char *" is incompatible with parameter of type "char *restrict"
src\Master.c(276): warning:  #167-D: argument of type "signed char *" is incompatible with parameter of type "char *restrict"
src\Master.c(276): warning:  #167-D: argument of type "signed char *" is incompatible with parameter of type "const char *restrict"
src\Master.c(282): warning:  #68-D: integer conversion resulted in a change of sign
src\Master.c(287): warning:  #167-D: argument of type "signed char *" is incompatible with parameter of type "char *"
src\Master.c(288): warning:  #167-D: argument of type "signed char *" is incompatible with parameter of type "const char *"
src\Master.c(295): warning:  #68-D: integer conversion resulted in a change of sign
src\Master.c(305): warning:  #68-D: integer conversion resulted in a change of sign
src\Master.c(311): warning:  #167-D: argument of type "unsigned char *" is incompatible with parameter of type "const char *restrict"
src\Master.c(324): warning:  #177-D: variable "len" was declared but never referenced
src\Master.c(325): warning:  #177-D: variable "pktMemoryPtr" was declared but never referenced
src\Master.c(441): warning:  #167-D: argument of type "unsigned char *" is incompatible with parameter of type "const char *restrict"
src\Master.c(505): warning:  #167-D: argument of type "char *" is incompatible with parameter of type "unsigned char *"
linking...
Program Size: Code=10806 RO-data=466 RW-data=64 ZI-data=12224  
FromELF: creating hex file...
".\obj\Radio.axf" - 0 Error(s), 15 Warning(s).
Load "D:\\Radio\\Aduc_rf101_my_sw\\Projects\\time_multiplex\\obj\\Radio.axf" 
Set JLink Project File to "D:\Radio\Aduc_rf101_my_sw\Projects\time_multiplex\JLinkSettings.ini"
* JLink Info: Device "ADUCRF101" selected (128 KB flash, 16 KB RAM).
 
JLink info:
------------
DLL: V4.68a, compiled Apr 12 2013 13:26:50
Firmware: J-Link Lite-ADI Rev.1 compiled Jan  7 2013 17:58:04
Hardware: V1.00
S/N : 541002910 
OEM : ADI 
 
* JLink Info: Found SWD-DP with ID 0x2BA01477
* JLink Info: FPUnit: 6 code (BP) slots and 2 literal slots
* JLink Info: Found Cortex-M3 r2p0, Little endian.
ROMTableAddr = 0xE00FF003
 
Target info:
------------
Device: ADuCRF101
VTarget = 3.621V
State of Pins: 
TCK: 0, TDI: 0, TDO: 0, TMS: 0, TRES: 1, TRST: 1
Hardware-Breakpoints: 6
Software-Breakpoints: 8192
Watchpoints:          4
JTAG speed: 2000 kHz
 
Full Chip Erase Done.
Programming Done.
Verify OK.
Build target 'Master'
compiling Master.c...
src\Master.c(173): warning:  #167-D: argument of type "char *" is incompatible with parameter of type "unsigned char *"
src\Master.c(191): warning:  #167-D: argument of type "char *" is incompatible with parameter of type "unsigned char *"
src\Master.c(267): warning:  #167-D: argument of type "signed char *" is incompatible with parameter of type "char *restrict"
src\Master.c(277): warning:  #167-D: argument of type "signed char *" is incompatible with parameter of type "char *restrict"
src\Master.c(277): warning:  #167-D: argument of type "signed char *" is incompatible with parameter of type "const char *restrict"
src\Master.c(283): warning:  #68-D: integer conversion resulted in a change of sign
src\Master.c(288): warning:  #167-D: argument of type "signed char *" is incompatible with parameter of type "char *"
src\Master.c(289): warning:  #167-D: argument of type "signed char *" is incompatible with parameter of type "const char *"
src\Master.c(296): warning:  #68-D: integer conversion resulted in a change of sign
src\Master.c(306): warning:  #68-D: integer conversion resulted in a change of sign
src\Master.c(312): warning:  #167-D: argument of type "unsigned char *" is incompatible with parameter of type "const char *restrict"
src\Master.c(325): warning:  #177-D: variable "len" was declared but never referenced
src\Master.c(326): warning:  #177-D: variable "pktMemoryPtr" was declared but never referenced
src\Master.c(442): warning:  #167-D: argument of type "unsigned char *" is incompatible with parameter of type "const char *restrict"
src\Master.c(508): error:  #167: argument of type "char" is incompatible with parameter of type "unsigned char *"
Target not created
Build target 'Master'
compiling Master.c...
src\Master.c(173): warning:  #167-D: argument of type "char *" is incompatible with parameter of type "unsigned char *"
src\Master.c(191): warning:  #167-D: argument of type "char *" is incompatible with parameter of type "unsigned char *"
src\Master.c(267): warning:  #167-D: argument of type "signed char *" is incompatible with parameter of type "char *restrict"
src\Master.c(277): warning:  #167-D: argument of type "signed char *" is incompatible with parameter of type "char *restrict"
src\Master.c(277): warning:  #167-D: argument of type "signed char *" is incompatible with parameter of type "const char *restrict"
src\Master.c(283): warning:  #68-D: integer conversion resulted in a change of sign
src\Master.c(288): warning:  #167-D: argument of type "signed char *" is incompatible with parameter of type "char *"
src\Master.c(289): warning:  #167-D: argument of type "signed char *" is incompatible with parameter of type "const char *"
src\Master.c(296): warning:  #68-D: integer conversion resulted in a change of sign
src\Master.c(306): warning:  #68-D: integer conversion resulted in a change of sign
src\Master.c(312): warning:  #167-D: argument of type "unsigned char *" is incompatible with parameter of type "const char *restrict"
src\Master.c(325): warning:  #177-D: variable "len" was declared but never referenced
src\Master.c(326): warning:  #177-D: variable "pktMemoryPtr" was declared but never referenced
src\Master.c(442): warning:  #167-D: argument of type "unsigned char *" is incompatible with parameter of type "const char *restrict"
src\Master.c(508): error:  #167: argument of type "char" is incompatible with parameter of type "unsigned char *"
Target not created
Build target 'Master'
compiling Master.c...
src\Master.c(156): warning:  #167-D: argument of type "char *" is incompatible with parameter of type "unsigned char *"
src\Master.c(191): warning:  #167-D: argument of type "char *" is incompatible with parameter of type "unsigned char *"
src\Master.c(267): warning:  #167-D: argument of type "signed char *" is incompatible with parameter of type "char *restrict"
src\Master.c(277): warning:  #167-D: argument of type "signed char *" is incompatible with parameter of type "char *restrict"
src\Master.c(277): warning:  #167-D: argument of type "signed char *" is incompatible with parameter of type "const char *restrict"
src\Master.c(283): warning:  #68-D: integer conversion resulted in a change of sign
src\Master.c(288): warning:  #167-D: argument of type "signed char *" is incompatible with parameter of type "char *"
src\Master.c(289): warning:  #167-D: argument of type "signed char *" is incompatible with parameter of type "const char *"
src\Master.c(296): warning:  #68-D: integer conversion resulted in a change of sign
src\Master.c(306): warning:  #68-D: integer conversion resulted in a change of sign
src\Master.c(312): warning:  #167-D: argument of type "unsigned char *" is incompatible with parameter of type "const char *restrict"
src\Master.c(325): warning:  #177-D: variable "len" was declared but never referenced
src\Master.c(326): warning:  #177-D: variable "pktMemoryPtr" was declared but never referenced
src\Master.c(442): warning:  #167-D: argument of type "unsigned char *" is incompatible with parameter of type "const char *restrict"
src\Master.c(508): error:  #167: argument of type "char" is incompatible with parameter of type "char *"
Target not created
Build target 'Master'
compiling Master.c...
src\Master.c(156): warning:  #167-D: argument of type "char *" is incompatible with parameter of type "unsigned char *"
src\Master.c(191): warning:  #167-D: argument of type "char *" is incompatible with parameter of type "unsigned char *"
src\Master.c(267): warning:  #167-D: argument of type "signed char *" is incompatible with parameter of type "char *restrict"
src\Master.c(277): warning:  #167-D: argument of type "signed char *" is incompatible with parameter of type "char *restrict"
src\Master.c(277): warning:  #167-D: argument of type "signed char *" is incompatible with parameter of type "const char *restrict"
src\Master.c(283): warning:  #68-D: integer conversion resulted in a change of sign
src\Master.c(288): warning:  #167-D: argument of type "signed char *" is incompatible with parameter of type "char *"
src\Master.c(289): warning:  #167-D: argument of type "signed char *" is incompatible with parameter of type "const char *"
src\Master.c(296): warning:  #68-D: integer conversion resulted in a change of sign
src\Master.c(306): warning:  #68-D: integer conversion resulted in a change of sign
src\Master.c(312): warning:  #167-D: argument of type "unsigned char *" is incompatible with parameter of type "const char *restrict"
src\Master.c(325): warning:  #177-D: variable "len" was declared but never referenced
src\Master.c(326): warning:  #177-D: variable "pktMemoryPtr" was declared but never referenced
src\Master.c(442): warning:  #167-D: argument of type "unsigned char *" is incompatible with parameter of type "const char *restrict"
linking...
Program Size: Code=10806 RO-data=466 RW-data=64 ZI-data=12224  
FromELF: creating hex file...
".\obj\Radio.axf" - 0 Error(s), 14 Warning(s).
Build target 'Master'
compiling Master.c...
src\Master.c(173): warning:  #167-D: argument of type "char *" is incompatible with parameter of type "unsigned char *"
src\Master.c(191): warning:  #167-D: argument of type "char *" is incompatible with parameter of type "unsigned char *"
src\Master.c(267): warning:  #167-D: argument of type "signed char *" is incompatible with parameter of type "char *restrict"
src\Master.c(277): warning:  #167-D: argument of type "signed char *" is incompatible with parameter of type "char *restrict"
src\Master.c(277): warning:  #167-D: argument of type "signed char *" is incompatible with parameter of type "const char *restrict"
src\Master.c(283): warning:  #68-D: integer conversion resulted in a change of sign
src\Master.c(288): warning:  #167-D: argument of type "signed char *" is incompatible with parameter of type "char *"
src\Master.c(289): warning:  #167-D: argument of type "signed char *" is incompatible with parameter of type "const char *"
src\Master.c(296): warning:  #68-D: integer conversion resulted in a change of sign
src\Master.c(306): warning:  #68-D: integer conversion resulted in a change of sign
src\Master.c(312): warning:  #167-D: argument of type "unsigned char *" is incompatible with parameter of type "const char *restrict"
src\Master.c(325): warning:  #177-D: variable "len" was declared but never referenced
src\Master.c(326): warning:  #177-D: variable "pktMemoryPtr" was declared but never referenced
src\Master.c(442): warning:  #167-D: argument of type "unsigned char *" is incompatible with parameter of type "const char *restrict"
src\Master.c(508): warning:  #167-D: argument of type "char *" is incompatible with parameter of type "unsigned char *"
linking...
Program Size: Code=10806 RO-data=466 RW-data=64 ZI-data=12224  
FromELF: creating hex file...
".\obj\Radio.axf" - 0 Error(s), 15 Warning(s).
Load "D:\\Radio\\Aduc_rf101_my_sw\\Projects\\time_multiplex\\obj\\Radio.axf" 
Set JLink Project File to "D:\Radio\Aduc_rf101_my_sw\Projects\time_multiplex\JLinkSettings.ini"
* JLink Info: Device "ADUCRF101" selected (128 KB flash, 16 KB RAM).
 
JLink info:
------------
DLL: V4.68a, compiled Apr 12 2013 13:26:50
Firmware: J-Link Lite-ADI Rev.1 compiled Jan  7 2013 17:58:04
Hardware: V1.00
S/N : 541002910 
OEM : ADI 
 
* JLink Info: Found SWD-DP with ID 0x2BA01477
* JLink Info: FPUnit: 6 code (BP) slots and 2 literal slots
* JLink Info: Found Cortex-M3 r2p0, Little endian.
ROMTableAddr = 0xE00FF003
 
Target info:
------------
Device: ADuCRF101
VTarget = 3.621V
State of Pins: 
TCK: 0, TDI: 0, TDO: 0, TMS: 0, TRES: 1, TRST: 1
Hardware-Breakpoints: 6
Software-Breakpoints: 8192
Watchpoints:          4
JTAG speed: 2000 kHz
 
Full Chip Erase Done.
Programming Done.
Verify OK.
Build target 'Master'
compiling Master.c...
src\Master.c(173): warning:  #167-D: argument of type "char *" is incompatible with parameter of type "unsigned char *"
src\Master.c(191): warning:  #167-D: argument of type "char *" is incompatible with parameter of type "unsigned char *"
src\Master.c(267): warning:  #167-D: argument of type "signed char *" is incompatible with parameter of type "char *restrict"
src\Master.c(277): warning:  #167-D: argument of type "signed char *" is incompatible with parameter of type "char *restrict"
src\Master.c(277): warning:  #167-D: argument of type "signed char *" is incompatible with parameter of type "const char *restrict"
src\Master.c(283): warning:  #68-D: integer conversion resulted in a change of sign
src\Master.c(288): warning:  #167-D: argument of type "signed char *" is incompatible with parameter of type "char *"
src\Master.c(289): warning:  #167-D: argument of type "signed char *" is incompatible with parameter of type "const char *"
src\Master.c(296): warning:  #68-D: integer conversion resulted in a change of sign
src\Master.c(306): warning:  #68-D: integer conversion resulted in a change of sign
src\Master.c(312): warning:  #167-D: argument of type "unsigned char *" is incompatible with parameter of type "const char *restrict"
src\Master.c(325): warning:  #177-D: variable "len" was declared but never referenced
src\Master.c(326): warning:  #177-D: variable "pktMemoryPtr" was declared but never referenced
src\Master.c(442): warning:  #167-D: argument of type "unsigned char *" is incompatible with parameter of type "const char *restrict"
src\Master.c(508): warning:  #167-D: argument of type "char *" is incompatible with parameter of type "unsigned char *"
linking...
Program Size: Code=10806 RO-data=466 RW-data=64 ZI-data=12224  
FromELF: creating hex file...
".\obj\Radio.axf" - 0 Error(s), 15 Warning(s).
Load "D:\\Radio\\Aduc_rf101_my_sw\\Projects\\time_multiplex\\obj\\Radio.axf" 
Set JLink Project File to "D:\Radio\Aduc_rf101_my_sw\Projects\time_multiplex\JLinkSettings.ini"
* JLink Info: Device "ADUCRF101" selected (128 KB flash, 16 KB RAM).
 
JLink info:
------------
DLL: V4.68a, compiled Apr 12 2013 13:26:50
Firmware: J-Link Lite-ADI Rev.1 compiled Jan  7 2013 17:58:04
Hardware: V1.00
S/N : 541002910 
OEM : ADI 
 
* JLink Info: Found SWD-DP with ID 0x2BA01477
* JLink Info: FPUnit: 6 code (BP) slots and 2 literal slots
* JLink Info: Found Cortex-M3 r2p0, Little endian.
ROMTableAddr = 0xE00FF003
 
Target info:
------------
Device: ADuCRF101
VTarget = 3.621V
State of Pins: 
TCK: 0, TDI: 0, TDO: 0, TMS: 0, TRES: 1, TRST: 1
Hardware-Breakpoints: 6
Software-Breakpoints: 8192
Watchpoints:          4
JTAG speed: 2000 kHz
 
Full Chip Erase Done.
Programming Done.
Verify OK.
Build target 'Slave'
compiling Slave.c...
src\Slave.c(108): warning:  #167-D: argument of type "char *" is incompatible with parameter of type "unsigned char *"
src\Slave.c(167): warning:  #167-D: argument of type "char *" is incompatible with parameter of type "unsigned char *"
src\Slave.c(182): warning:  #167-D: argument of type "char *" is incompatible with parameter of type "unsigned char *"
src\Slave.c(191): warning:  #167-D: argument of type "char *" is incompatible with parameter of type "unsigned char *"
src\Slave.c(273): warning:  #167-D: argument of type "unsigned char *" is incompatible with parameter of type "const char *"
src\Slave.c(326): warning:  #167-D: argument of type "unsigned char *" is incompatible with parameter of type "const char *"
src\Slave.c(376): warning:  #167-D: argument of type "unsigned char *" is incompatible with parameter of type "const char *"
src\Slave.c(517): warning:  #1-D: last line of file ends without a newline
src\Slave.c(473): warning:  #177-D: variable "ucLineSta" was declared but never referenced
linking...
Program Size: Code=10482 RO-data=466 RW-data=60 ZI-data=10180  
FromELF: creating hex file...
".\obj\Radio.axf" - 0 Error(s), 9 Warning(s).
Build target 'Slave'
compiling Slave.c...
src\Slave.c(107): warning:  #167-D: argument of type "char *" is incompatible with parameter of type "unsigned char *"
src\Slave.c(166): warning:  #167-D: argument of type "char *" is incompatible with parameter of type "unsigned char *"
src\Slave.c(181): warning:  #167-D: argument of type "char *" is incompatible with parameter of type "unsigned char *"
src\Slave.c(272): warning:  #167-D: argument of type "unsigned char *" is incompatible with parameter of type "const char *"
src\Slave.c(325): warning:  #167-D: argument of type "unsigned char *" is incompatible with parameter of type "const char *"
src\Slave.c(375): warning:  #167-D: argument of type "unsigned char *" is incompatible with parameter of type "const char *"
src\Slave.c(516): warning:  #1-D: last line of file ends without a newline
src\Slave.c(472): warning:  #177-D: variable "ucLineSta" was declared but never referenced
linking...
Program Size: Code=10646 RO-data=466 RW-data=68 ZI-data=10172  
FromELF: creating hex file...
".\obj\Radio.axf" - 0 Error(s), 8 Warning(s).
Load "D:\\Radio\\Aduc_rf101_my_sw\\Projects\\time_multiplex\\obj\\Radio.axf" 
Set JLink Project File to "D:\Radio\Aduc_rf101_my_sw\Projects\time_multiplex\JLinkSettings.ini"
* JLink Info: Device "ADUCRF101" selected (128 KB flash, 16 KB RAM).
 
JLink info:
------------
DLL: V4.68a, compiled Apr 12 2013 13:26:50
Firmware: J-Link Lite-ADI Rev.1 compiled Jan  7 2013 17:58:04
Hardware: V1.00
S/N : 541002910 
OEM : ADI 
 
* JLink Info: Found SWD-DP with ID 0x2BA01477
* JLink Info: FPUnit: 6 code (BP) slots and 2 literal slots
* JLink Info: Found Cortex-M3 r2p0, Little endian.
ROMTableAddr = 0xE00FF003
 
Target info:
------------
Device: ADuCRF101
VTarget = 3.621V
State of Pins: 
TCK: 0, TDI: 0, TDO: 0, TMS: 0, TRES: 1, TRST: 1
Hardware-Breakpoints: 6
Software-Breakpoints: 8192
Watchpoints:          4
JTAG speed: 2000 kHz
 
Full Chip Erase Done.
Programming Done.
Verify OK.
Build target 'Slave'
compiling Slave.c...
src\Slave.c(107): warning:  #167-D: argument of type "char *" is incompatible with parameter of type "unsigned char *"
src\Slave.c(166): warning:  #167-D: argument of type "char *" is incompatible with parameter of type "unsigned char *"
src\Slave.c(181): warning:  #167-D: argument of type "char *" is incompatible with parameter of type "unsigned char *"
src\Slave.c(190): warning:  #167-D: argument of type "char *" is incompatible with parameter of type "unsigned char *"
src\Slave.c(272): warning:  #167-D: argument of type "unsigned char *" is incompatible with parameter of type "const char *"
src\Slave.c(325): warning:  #167-D: argument of type "unsigned char *" is incompatible with parameter of type "const char *"
src\Slave.c(375): warning:  #167-D: argument of type "unsigned char *" is incompatible with parameter of type "const char *"
src\Slave.c(516): warning:  #1-D: last line of file ends without a newline
src\Slave.c(472): warning:  #177-D: variable "ucLineSta" was declared but never referenced
linking...
Program Size: Code=10482 RO-data=466 RW-data=60 ZI-data=10180  
FromELF: creating hex file...
".\obj\Radio.axf" - 0 Error(s), 9 Warning(s).
Build target 'Slave'
compiling Slave.c...
src\Slave.c(108): warning:  #167-D: argument of type "char *" is incompatible with parameter of type "unsigned char *"
src\Slave.c(167): warning:  #167-D: argument of type "char *" is incompatible with parameter of type "unsigned char *"
src\Slave.c(182): warning:  #167-D: argument of type "char *" is incompatible with parameter of type "unsigned char *"
src\Slave.c(191): warning:  #167-D: argument of type "char *" is incompatible with parameter of type "unsigned char *"
src\Slave.c(273): warning:  #167-D: argument of type "unsigned char *" is incompatible with parameter of type "const char *"
src\Slave.c(333): warning:  #167-D: argument of type "unsigned char *" is incompatible with parameter of type "const char *"
src\Slave.c(383): warning:  #167-D: argument of type "unsigned char *" is incompatible with parameter of type "const char *"
src\Slave.c(531): warning:  #1-D: last line of file ends without a newline
src\Slave.c(487): warning:  #177-D: variable "ucLineSta" was declared but never referenced
linking...
Program Size: Code=10482 RO-data=466 RW-data=60 ZI-data=10180  
FromELF: creating hex file...
".\obj\Radio.axf" - 0 Error(s), 9 Warning(s).
Build target 'Slave'
compiling Slave.c...
src\Slave.c(109): warning:  #167-D: argument of type "char *" is incompatible with parameter of type "unsigned char *"
src\Slave.c(168): warning:  #167-D: argument of type "char *" is incompatible with parameter of type "unsigned char *"
src\Slave.c(183): warning:  #167-D: argument of type "char *" is incompatible with parameter of type "unsigned char *"
src\Slave.c(192): warning:  #167-D: argument of type "char *" is incompatible with parameter of type "unsigned char *"
src\Slave.c(274): warning:  #167-D: argument of type "unsigned char *" is incompatible with parameter of type "const char *"
src\Slave.c(334): warning:  #167-D: argument of type "unsigned char *" is incompatible with parameter of type "const char *"
src\Slave.c(384): warning:  #167-D: argument of type "unsigned char *" is incompatible with parameter of type "const char *"
src\Slave.c(532): warning:  #1-D: last line of file ends without a newline
src\Slave.c(488): warning:  #177-D: variable "ucLineSta" was declared but never referenced
linking...
Program Size: Code=10482 RO-data=466 RW-data=60 ZI-data=10180  
FromELF: creating hex file...
".\obj\Radio.axf" - 0 Error(s), 9 Warning(s).
Build target 'Slave'
compiling Slave.c...
src\Slave.c(110): warning:  #167-D: argument of type "char *" is incompatible with parameter of type "unsigned char *"
src\Slave.c(169): warning:  #167-D: argument of type "char *" is incompatible with parameter of type "unsigned char *"
src\Slave.c(184): warning:  #167-D: argument of type "char *" is incompatible with parameter of type "unsigned char *"
src\Slave.c(193): warning:  #167-D: argument of type "char *" is incompatible with parameter of type "unsigned char *"
src\Slave.c(275): warning:  #167-D: argument of type "unsigned char *" is incompatible with parameter of type "const char *"
src\Slave.c(335): warning:  #167-D: argument of type "unsigned char *" is incompatible with parameter of type "const char *"
src\Slave.c(385): warning:  #167-D: argument of type "unsigned char *" is incompatible with parameter of type "const char *"
src\Slave.c(533): warning:  #1-D: last line of file ends without a newline
src\Slave.c(489): warning:  #177-D: variable "ucLineSta" was declared but never referenced
linking...
Program Size: Code=10482 RO-data=466 RW-data=60 ZI-data=10180  
FromELF: creating hex file...
".\obj\Radio.axf" - 0 Error(s), 9 Warning(s).
Load "D:\\Radio\\Aduc_rf101_my_sw\\Projects\\time_multiplex\\obj\\Radio.axf" 
Set JLink Project File to "D:\Radio\Aduc_rf101_my_sw\Projects\time_multiplex\JLinkSettings.ini"
* JLink Info: Device "ADUCRF101" selected (128 KB flash, 16 KB RAM).
 
JLink info:
------------
DLL: V4.68a, compiled Apr 12 2013 13:26:50
Firmware: J-Link Lite-ADI Rev.1 compiled Jan  7 2013 17:58:04
Hardware: V1.00
S/N : 541002910 
OEM : ADI 
 
* JLink Info: Found SWD-DP with ID 0x2BA01477
* JLink Info: FPUnit: 6 code (BP) slots and 2 literal slots
* JLink Info: Found Cortex-M3 r2p0, Little endian.
ROMTableAddr = 0xE00FF003
 
Target info:
------------
Device: ADuCRF101
VTarget = 3.621V
State of Pins: 
TCK: 0, TDI: 0, TDO: 0, TMS: 0, TRES: 1, TRST: 1
Hardware-Breakpoints: 6
Software-Breakpoints: 8192
Watchpoints:          4
JTAG speed: 2000 kHz
 
Full Chip Erase Done.
Programming Done.
Verify OK.
Build target 'Slave'
compiling Slave.c...
src\Slave.c(112): warning:  #167-D: argument of type "char *" is incompatible with parameter of type "unsigned char *"
src\Slave.c(171): warning:  #167-D: argument of type "char *" is incompatible with parameter of type "unsigned char *"
src\Slave.c(186): warning:  #167-D: argument of type "char *" is incompatible with parameter of type "unsigned char *"
src\Slave.c(195): warning:  #167-D: argument of type "char *" is incompatible with parameter of type "unsigned char *"
src\Slave.c(277): warning:  #167-D: argument of type "unsigned char *" is incompatible with parameter of type "const char *"
src\Slave.c(337): warning:  #167-D: argument of type "unsigned char *" is incompatible with parameter of type "const char *"
src\Slave.c(387): warning:  #167-D: argument of type "unsigned char *" is incompatible with parameter of type "const char *"
src\Slave.c(535): warning:  #1-D: last line of file ends without a newline
src\Slave.c(491): warning:  #177-D: variable "ucLineSta" was declared but never referenced
linking...
Program Size: Code=10136 RO-data=464 RW-data=68 ZI-data=10172  
FromELF: creating hex file...
".\obj\Radio.axf" - 0 Error(s), 9 Warning(s).
Build target 'Slave'
linking...
Program Size: Code=10136 RO-data=464 RW-data=68 ZI-data=10172  
FromELF: creating hex file...
".\obj\Radio.axf" - 0 Error(s), 0 Warning(s).
Load "D:\\Radio\\Aduc_rf101_my_sw\\Projects\\time_multiplex\\obj\\Radio.axf" 
Set JLink Project File to "D:\Radio\Aduc_rf101_my_sw\Projects\time_multiplex\JLinkSettings.ini"
* JLink Info: Device "ADUCRF101" selected (128 KB flash, 16 KB RAM).
 
JLink info:
------------
DLL: V4.68a, compiled Apr 12 2013 13:26:50
Firmware: J-Link Lite-ADI Rev.1 compiled Jan  7 2013 17:58:04
Hardware: V1.00
S/N : 541002910 
OEM : ADI 
 
* JLink Info: Found SWD-DP with ID 0x2BA01477
* JLink Info: FPUnit: 6 code (BP) slots and 2 literal slots
* JLink Info: Found Cortex-M3 r2p0, Little endian.
ROMTableAddr = 0xE00FF003
 
Target info:
------------
Device: ADuCRF101
VTarget = 3.621V
State of Pins: 
TCK: 0, TDI: 0, TDO: 0, TMS: 0, TRES: 1, TRST: 1
Hardware-Breakpoints: 6
Software-Breakpoints: 8192
Watchpoints:          4
JTAG speed: 2000 kHz
 
Full Chip Erase Done.
Programming Done.
Verify OK.
Build target 'Slave'
compiling Slave.c...
src\Slave.c(112): warning:  #167-D: argument of type "char *" is incompatible with parameter of type "unsigned char *"
src\Slave.c(171): warning:  #167-D: argument of type "char *" is incompatible with parameter of type "unsigned char *"
src\Slave.c(186): warning:  #167-D: argument of type "char *" is incompatible with parameter of type "unsigned char *"
src\Slave.c(277): warning:  #167-D: argument of type "unsigned char *" is incompatible with parameter of type "const char *"
src\Slave.c(337): warning:  #167-D: argument of type "unsigned char *" is incompatible with parameter of type "const char *"
src\Slave.c(387): warning:  #167-D: argument of type "unsigned char *" is incompatible with parameter of type "const char *"
src\Slave.c(535): warning:  #1-D: last line of file ends without a newline
src\Slave.c(491): warning:  #177-D: variable "ucLineSta" was declared but never referenced
linking...
Program Size: Code=10108 RO-data=464 RW-data=68 ZI-data=10172  
FromELF: creating hex file...
".\obj\Radio.axf" - 0 Error(s), 8 Warning(s).
Load "D:\\Radio\\Aduc_rf101_my_sw\\Projects\\time_multiplex\\obj\\Radio.axf" 
Set JLink Project File to "D:\Radio\Aduc_rf101_my_sw\Projects\time_multiplex\JLinkSettings.ini"
* JLink Info: Device "ADUCRF101" selected (128 KB flash, 16 KB RAM).
 
JLink info:
------------
DLL: V4.68a, compiled Apr 12 2013 13:26:50
Firmware: J-Link Lite-ADI Rev.1 compiled Jan  7 2013 17:58:04
Hardware: V1.00
S/N : 541002910 
OEM : ADI 
 
* JLink Info: Found SWD-DP with ID 0x2BA01477
* JLink Info: FPUnit: 6 code (BP) slots and 2 literal slots
* JLink Info: Found Cortex-M3 r2p0, Little endian.
ROMTableAddr = 0xE00FF003
 
Target info:
------------
Device: ADuCRF101
VTarget = 3.621V
State of Pins: 
TCK: 0, TDI: 0, TDO: 0, TMS: 0, TRES: 1, TRST: 1
Hardware-Breakpoints: 6
Software-Breakpoints: 8192
Watchpoints:          4
JTAG speed: 2000 kHz
 
Full Chip Erase Done.
Programming Done.
Verify OK.
Build target 'Slave'
compiling Slave.c...
src\Slave.c(112): warning:  #167-D: argument of type "char *" is incompatible with parameter of type "unsigned char *"
src\Slave.c(171): warning:  #167-D: argument of type "char *" is incompatible with parameter of type "unsigned char *"
src\Slave.c(186): warning:  #167-D: argument of type "char *" is incompatible with parameter of type "unsigned char *"
src\Slave.c(277): warning:  #167-D: argument of type "unsigned char *" is incompatible with parameter of type "const char *"
src\Slave.c(286): error:  #20: identifier "txPkt" is undefined
src\Slave.c(337): warning:  #167-D: argument of type "unsigned char *" is incompatible with parameter of type "const char *"
src\Slave.c(387): warning:  #167-D: argument of type "unsigned char *" is incompatible with parameter of type "const char *"
src\Slave.c(535): warning:  #1-D: last line of file ends without a newline
src\Slave.c(491): warning:  #177-D: variable "ucLineSta" was declared but never referenced
Target not created
Load "D:\\Radio\\Aduc_rf101_my_sw\\Projects\\time_multiplex\\obj\\Radio.axf" 
_____^
*** error 56: cannot open file
Build target 'Slave'
compiling Slave.c...
src\Slave.c(112): warning:  #167-D: argument of type "char *" is incompatible with parameter of type "unsigned char *"
src\Slave.c(171): warning:  #167-D: argument of type "char *" is incompatible with parameter of type "unsigned char *"
src\Slave.c(186): warning:  #167-D: argument of type "char *" is incompatible with parameter of type "unsigned char *"
src\Slave.c(277): warning:  #167-D: argument of type "unsigned char *" is incompatible with parameter of type "const char *"
src\Slave.c(286): error:  #20: identifier "txPkt" is undefined
src\Slave.c(337): warning:  #167-D: argument of type "unsigned char *" is incompatible with parameter of type "const char *"
src\Slave.c(387): warning:  #167-D: argument of type "unsigned char *" is incompatible with parameter of type "const char *"
src\Slave.c(535): warning:  #1-D: last line of file ends without a newline
src\Slave.c(491): warning:  #177-D: variable "ucLineSta" was declared but never referenced
Target not created
Build target 'Slave'
compiling Slave.c...
src\Slave.c(112): warning:  #167-D: argument of type "char *" is incompatible with parameter of type "unsigned char *"
src\Slave.c(171): warning:  #167-D: argument of type "char *" is incompatible with parameter of type "unsigned char *"
src\Slave.c(186): warning:  #167-D: argument of type "char *" is incompatible with parameter of type "unsigned char *"
src\Slave.c(277): warning:  #167-D: argument of type "unsigned char *" is incompatible with parameter of type "const char *"
src\Slave.c(337): warning:  #167-D: argument of type "unsigned char *" is incompatible with parameter of type "const char *"
src\Slave.c(387): warning:  #167-D: argument of type "unsigned char *" is incompatible with parameter of type "const char *"
src\Slave.c(535): warning:  #1-D: last line of file ends without a newline
src\Slave.c(491): warning:  #177-D: variable "ucLineSta" was declared but never referenced
linking...
Program Size: Code=10136 RO-data=464 RW-data=68 ZI-data=10172  
FromELF: creating hex file...
".\obj\Radio.axf" - 0 Error(s), 8 Warning(s).
Load "D:\\Radio\\Aduc_rf101_my_sw\\Projects\\time_multiplex\\obj\\Radio.axf" 
Set JLink Project File to "D:\Radio\Aduc_rf101_my_sw\Projects\time_multiplex\JLinkSettings.ini"
* JLink Info: Device "ADUCRF101" selected (128 KB flash, 16 KB RAM).
 
JLink info:
------------
DLL: V4.68a, compiled Apr 12 2013 13:26:50
Firmware: J-Link Lite-ADI Rev.1 compiled Jan  7 2013 17:58:04
Hardware: V1.00
S/N : 541002910 
OEM : ADI 
 
* JLink Info: Found SWD-DP with ID 0x2BA01477
* JLink Info: FPUnit: 6 code (BP) slots and 2 literal slots
* JLink Info: Found Cortex-M3 r2p0, Little endian.
ROMTableAddr = 0xE00FF003
 
Target info:
------------
Device: ADuCRF101
VTarget = 3.621V
State of Pins: 
TCK: 0, TDI: 0, TDO: 0, TMS: 0, TRES: 1, TRST: 1
Hardware-Breakpoints: 6
Software-Breakpoints: 8192
Watchpoints:          4
JTAG speed: 2000 kHz
 
Full Chip Erase Done.
Programming Done.
Verify OK.
Build target 'Slave'
compiling Slave.c...
src\Slave.c(112): warning:  #167-D: argument of type "char *" is incompatible with parameter of type "unsigned char *"
src\Slave.c(171): warning:  #167-D: argument of type "char *" is incompatible with parameter of type "unsigned char *"
src\Slave.c(186): warning:  #167-D: argument of type "char *" is incompatible with parameter of type "unsigned char *"
src\Slave.c(277): warning:  #167-D: argument of type "unsigned char *" is incompatible with parameter of type "const char *"
src\Slave.c(337): warning:  #167-D: argument of type "unsigned char *" is incompatible with parameter of type "const char *"
src\Slave.c(387): warning:  #167-D: argument of type "unsigned char *" is incompatible with parameter of type "const char *"
src\Slave.c(535): warning:  #1-D: last line of file ends without a newline
src\Slave.c(491): warning:  #177-D: variable "ucLineSta" was declared but never referenced
linking...
Program Size: Code=10136 RO-data=464 RW-data=68 ZI-data=10172  
FromELF: creating hex file...
".\obj\Radio.axf" - 0 Error(s), 8 Warning(s).
Load "D:\\Radio\\Aduc_rf101_my_sw\\Projects\\time_multiplex\\obj\\Radio.axf" 
Set JLink Project File to "D:\Radio\Aduc_rf101_my_sw\Projects\time_multiplex\JLinkSettings.ini"
* JLink Info: Device "ADUCRF101" selected (128 KB flash, 16 KB RAM).
 
JLink info:
------------
DLL: V4.68a, compiled Apr 12 2013 13:26:50
Firmware: J-Link Lite-ADI Rev.1 compiled Jan  7 2013 17:58:04
Hardware: V1.00
S/N : 541002910 
OEM : ADI 
 
* JLink Info: Found SWD-DP with ID 0x2BA01477
* JLink Info: FPUnit: 6 code (BP) slots and 2 literal slots
* JLink Info: Found Cortex-M3 r2p0, Little endian.
ROMTableAddr = 0xE00FF003
 
Target info:
------------
Device: ADuCRF101
VTarget = 3.614V
State of Pins: 
TCK: 0, TDI: 0, TDO: 0, TMS: 0, TRES: 1, TRST: 1
Hardware-Breakpoints: 6
Software-Breakpoints: 8192
Watchpoints:          4
JTAG speed: 2000 kHz
 
Full Chip Erase Done.
Programming Done.
Verify OK.
Build target 'Slave'
compiling Slave.c...
src\Slave.c(112): warning:  #167-D: argument of type "char *" is incompatible with parameter of type "unsigned char *"
src\Slave.c(171): warning:  #167-D: argument of type "char *" is incompatible with parameter of type "unsigned char *"
src\Slave.c(186): warning:  #167-D: argument of type "char *" is incompatible with parameter of type "unsigned char *"
src\Slave.c(277): warning:  #167-D: argument of type "unsigned char *" is incompatible with parameter of type "const char *"
src\Slave.c(337): warning:  #167-D: argument of type "unsigned char *" is incompatible with parameter of type "const char *"
src\Slave.c(387): warning:  #167-D: argument of type "unsigned char *" is incompatible with parameter of type "const char *"
src\Slave.c(535): warning:  #1-D: last line of file ends without a newline
src\Slave.c(491): warning:  #177-D: variable "ucLineSta" was declared but never referenced
linking...
Program Size: Code=10120 RO-data=464 RW-data=68 ZI-data=10172  
FromELF: creating hex file...
".\obj\Radio.axf" - 0 Error(s), 8 Warning(s).
Build target 'Slave'
linking...
Program Size: Code=10120 RO-data=464 RW-data=68 ZI-data=10172  
FromELF: creating hex file...
".\obj\Radio.axf" - 0 Error(s), 0 Warning(s).
Load "D:\\Radio\\Aduc_rf101_my_sw\\Projects\\time_multiplex\\obj\\Radio.axf" 
Set JLink Project File to "D:\Radio\Aduc_rf101_my_sw\Projects\time_multiplex\JLinkSettings.ini"
* JLink Info: Device "ADUCRF101" selected (128 KB flash, 16 KB RAM).
 
JLink info:
------------
DLL: V4.68a, compiled Apr 12 2013 13:26:50
Firmware: J-Link Lite-ADI Rev.1 compiled Jan  7 2013 17:58:04
Hardware: V1.00
S/N : 541002910 
OEM : ADI 
 
* JLink Info: Found SWD-DP with ID 0x2BA01477
* JLink Info: FPUnit: 6 code (BP) slots and 2 literal slots
* JLink Info: Found Cortex-M3 r2p0, Little endian.
ROMTableAddr = 0xE00FF003
 
Target info:
------------
Device: ADuCRF101
VTarget = 3.607V
State of Pins: 
TCK: 0, TDI: 0, TDO: 0, TMS: 0, TRES: 1, TRST: 1
Hardware-Breakpoints: 6
Software-Breakpoints: 8192
Watchpoints:          4
JTAG speed: 2000 kHz
 
Full Chip Erase Done.
Programming Done.
Verify OK.
Build target 'Slave'
compiling Slave.c...
src\Slave.c(112): warning:  #167-D: argument of type "char *" is incompatible with parameter of type "unsigned char *"
src\Slave.c(172): warning:  #167-D: argument of type "char *" is incompatible with parameter of type "unsigned char *"
src\Slave.c(187): warning:  #167-D: argument of type "char *" is incompatible with parameter of type "unsigned char *"
src\Slave.c(285): warning:  #167-D: argument of type "unsigned char *" is incompatible with parameter of type "const char *"
src\Slave.c(352): warning:  #167-D: argument of type "unsigned char *" is incompatible with parameter of type "const char *restrict"
src\Slave.c(402): warning:  #167-D: argument of type "unsigned char *" is incompatible with parameter of type "const char *"
src\Slave.c(550): warning:  #1-D: last line of file ends without a newline
src\Slave.c(506): warning:  #177-D: variable "ucLineSta" was declared but never referenced
linking...
Program Size: Code=10120 RO-data=464 RW-data=68 ZI-data=10172  
FromELF: creating hex file...
".\obj\Radio.axf" - 0 Error(s), 8 Warning(s).
Build target 'Slave'
compiling Slave.c...
src\Slave.c(112): warning:  #167-D: argument of type "char *" is incompatible with parameter of type "unsigned char *"
src\Slave.c(172): warning:  #167-D: argument of type "char *" is incompatible with parameter of type "unsigned char *"
src\Slave.c(187): warning:  #167-D: argument of type "char *" is incompatible with parameter of type "unsigned char *"
src\Slave.c(285): warning:  #167-D: argument of type "unsigned char *" is incompatible with parameter of type "const char *"
src\Slave.c(352): warning:  #167-D: argument of type "unsigned char *" is incompatible with parameter of type "const char *restrict"
src\Slave.c(409): warning:  #167-D: argument of type "unsigned char *" is incompatible with parameter of type "const char *"
src\Slave.c(557): warning:  #1-D: last line of file ends without a newline
src\Slave.c(513): warning:  #177-D: variable "ucLineSta" was declared but never referenced
linking...
Program Size: Code=10120 RO-data=464 RW-data=68 ZI-data=10172  
FromELF: creating hex file...
".\obj\Radio.axf" - 0 Error(s), 8 Warning(s).
Load "D:\\Radio\\Aduc_rf101_my_sw\\Projects\\time_multiplex\\obj\\Radio.axf" 
Set JLink Project File to "D:\Radio\Aduc_rf101_my_sw\Projects\time_multiplex\JLinkSettings.ini"
* JLink Info: Device "ADUCRF101" selected (128 KB flash, 16 KB RAM).
 
JLink info:
------------
DLL: V4.68a, compiled Apr 12 2013 13:26:50
Firmware: J-Link Lite-ADI Rev.1 compiled Jan  7 2013 17:58:04
Hardware: V1.00
S/N : 541002910 
OEM : ADI 
 
* JLink Info: Found SWD-DP with ID 0x2BA01477
* JLink Info: FPUnit: 6 code (BP) slots and 2 literal slots
* JLink Info: Found Cortex-M3 r2p0, Little endian.
ROMTableAddr = 0xE00FF003
 
Target info:
------------
Device: ADuCRF101
VTarget = 3.621V
State of Pins: 
TCK: 0, TDI: 0, TDO: 0, TMS: 0, TRES: 1, TRST: 1
Hardware-Breakpoints: 6
Software-Breakpoints: 8192
Watchpoints:          4
JTAG speed: 2000 kHz
 
Full Chip Erase Done.
Programming Done.
Verify OK.
Build target 'Slave'
compiling Slave.c...
src\Slave.c(112): warning:  #167-D: argument of type "char *" is incompatible with parameter of type "unsigned char *"
src\Slave.c(172): warning:  #167-D: argument of type "char *" is incompatible with parameter of type "unsigned char *"
src\Slave.c(187): warning:  #167-D: argument of type "char *" is incompatible with parameter of type "unsigned char *"
src\Slave.c(285): warning:  #167-D: argument of type "unsigned char *" is incompatible with parameter of type "const char *"
src\Slave.c(352): warning:  #167-D: argument of type "unsigned char *" is incompatible with parameter of type "const char *restrict"
src\Slave.c(409): warning:  #167-D: argument of type "unsigned char *" is incompatible with parameter of type "const char *"
src\Slave.c(557): warning:  #1-D: last line of file ends without a newline
src\Slave.c(513): warning:  #177-D: variable "ucLineSta" was declared but never referenced
linking...
Program Size: Code=10120 RO-data=464 RW-data=68 ZI-data=10172  
FromELF: creating hex file...
".\obj\Radio.axf" - 0 Error(s), 8 Warning(s).
Load "D:\\Radio\\Aduc_rf101_my_sw\\Projects\\time_multiplex\\obj\\Radio.axf" 
Set JLink Project File to "D:\Radio\Aduc_rf101_my_sw\Projects\time_multiplex\JLinkSettings.ini"
* JLink Info: Device "ADUCRF101" selected (128 KB flash, 16 KB RAM).
 
JLink info:
------------
DLL: V4.68a, compiled Apr 12 2013 13:26:50
Firmware: J-Link Lite-ADI Rev.1 compiled Jan  7 2013 17:58:04
Hardware: V1.00
[...]
src\Master.c(291): warning:  #167-D: argument of type "signed char *" is incompatible with parameter of type "const char *"
src\Master.c(292): warning:  #167-D: argument of type "signed char *" is incompatible with parameter of type "const char *"
src\Master.c(299): warning:  #68-D: integer conversion resulted in a change of sign
src\Master.c(309): warning:  #68-D: integer conversion resulted in a change of sign
src\Master.c(315): warning:  #167-D: argument of type "unsigned char *" is incompatible with parameter of type "const char *restrict"
src\Master.c(328): warning:  #177-D: variable "len" was declared but never referenced
src\Master.c(329): warning:  #177-D: variable "pktMemoryPtr" was declared but never referenced
src\Master.c(448): warning:  #167-D: argument of type "unsigned char *" is incompatible with parameter of type "const char *restrict"
src\Master.c(512): warning:  #167-D: argument of type "char *" is incompatible with parameter of type "unsigned char *"
linking...
Program Size: Code=10826 RO-data=466 RW-data=64 ZI-data=12224  
FromELF: creating hex file...
".\obj\Radio.axf" - 0 Error(s), 15 Warning(s).
Load "D:\\Radio\\Aduc_rf101_my_sw\\Projects\\time_multiplex\\obj\\Radio.axf" 
Set JLink Project File to "D:\Radio\Aduc_rf101_my_sw\Projects\time_multiplex\JLinkSettings.ini"
* JLink Info: Device "ADUCRF101" selected (128 KB flash, 16 KB RAM).
 
JLink info:
------------
DLL: V4.68a, compiled Apr 12 2013 13:26:50
Firmware: J-Link Lite-ADI Rev.1 compiled Jan  7 2013 17:58:04
Hardware: V1.00
S/N : 541002910 
OEM : ADI 
 
* JLink Info: Found SWD-DP with ID 0x2BA01477
* JLink Info: FPUnit: 6 code (BP) slots and 2 literal slots
* JLink Info: Found Cortex-M3 r2p0, Little endian.
ROMTableAddr = 0xE00FF003
 
Target info:
------------
Device: ADuCRF101
VTarget = 3.621V
State of Pins: 
TCK: 0, TDI: 0, TDO: 0, TMS: 0, TRES: 1, TRST: 1
Hardware-Breakpoints: 6
Software-Breakpoints: 8192
Watchpoints:          4
JTAG speed: 2000 kHz
 
Full Chip Erase Done.
Programming Done.
Verify OK.
Build target 'Slave'
compiling Slave.c...
src\Slave.c(112): warning:  #167-D: argument of type "char *" is incompatible with parameter of type "unsigned char *"
src\Slave.c(172): warning:  #167-D: argument of type "char *" is incompatible with parameter of type "unsigned char *"
src\Slave.c(187): warning:  #167-D: argument of type "char *" is incompatible with parameter of type "unsigned char *"
src\Slave.c(285): warning:  #167-D: argument of type "unsigned char *" is incompatible with parameter of type "const char *"
src\Slave.c(356): warning:  #167-D: argument of type "unsigned char *" is incompatible with parameter of type "const char *restrict"
src\Slave.c(425): warning:  #167-D: argument of type "unsigned char *" is incompatible with parameter of type "const char *"
src\Slave.c(576): warning:  #1-D: last line of file ends without a newline
src\Slave.c(532): warning:  #177-D: variable "ucLineSta" was declared but never referenced
linking...
Program Size: Code=10590 RO-data=466 RW-data=60 ZI-data=10180  
FromELF: creating hex file...
".\obj\Radio.axf" - 0 Error(s), 8 Warning(s).
Load "D:\\Radio\\Aduc_rf101_my_sw\\Projects\\time_multiplex\\obj\\Radio.axf" 
Set JLink Project File to "D:\Radio\Aduc_rf101_my_sw\Projects\time_multiplex\JLinkSettings.ini"
* JLink Info: Device "ADUCRF101" selected (128 KB flash, 16 KB RAM).
 
JLink info:
------------
DLL: V4.68a, compiled Apr 12 2013 13:26:50
Firmware: J-Link Lite-ADI Rev.1 compiled Jan  7 2013 17:58:04
Hardware: V1.00
S/N : 541002910 
OEM : ADI 
 
* JLink Info: Found SWD-DP with ID 0x2BA01477
* JLink Info: FPUnit: 6 code (BP) slots and 2 literal slots
* JLink Info: Found Cortex-M3 r2p0, Little endian.
ROMTableAddr = 0xE00FF003
 
Target info:
------------
Device: ADuCRF101
VTarget = 3.621V
State of Pins: 
TCK: 0, TDI: 0, TDO: 0, TMS: 0, TRES: 1, TRST: 1
Hardware-Breakpoints: 6
Software-Breakpoints: 8192
Watchpoints:          4
JTAG speed: 2000 kHz
 
Full Chip Erase Done.
Programming Done.
Verify OK.
Build target 'Slave'
compiling Slave.c...
src\Slave.c(112): warning:  #167-D: argument of type "char *" is incompatible with parameter of type "unsigned char *"
src\Slave.c(172): warning:  #167-D: argument of type "char *" is incompatible with parameter of type "unsigned char *"
src\Slave.c(187): warning:  #167-D: argument of type "char *" is incompatible with parameter of type "unsigned char *"
src\Slave.c(285): warning:  #167-D: argument of type "unsigned char *" is incompatible with parameter of type "const char *"
src\Slave.c(356): warning:  #167-D: argument of type "unsigned char *" is incompatible with parameter of type "const char *restrict"
src\Slave.c(425): warning:  #167-D: argument of type "unsigned char *" is incompatible with parameter of type "const char *"
src\Slave.c(576): warning:  #1-D: last line of file ends without a newline
src\Slave.c(532): warning:  #177-D: variable "ucLineSta" was declared but never referenced
linking...
Program Size: Code=10346 RO-data=466 RW-data=68 ZI-data=10172  
FromELF: creating hex file...
".\obj\Radio.axf" - 0 Error(s), 8 Warning(s).
Load "D:\\Radio\\Aduc_rf101_my_sw\\Projects\\time_multiplex\\obj\\Radio.axf" 
Set JLink Project File to "D:\Radio\Aduc_rf101_my_sw\Projects\time_multiplex\JLinkSettings.ini"
* JLink Info: Device "ADUCRF101" selected (128 KB flash, 16 KB RAM).
 
JLink info:
------------
DLL: V4.68a, compiled Apr 12 2013 13:26:50
Firmware: J-Link Lite-ADI Rev.1 compiled Jan  7 2013 17:58:04
Hardware: V1.00
S/N : 541002910 
OEM : ADI 
 
* JLink Info: Found SWD-DP with ID 0x2BA01477
* JLink Info: FPUnit: 6 code (BP) slots and 2 literal slots
* JLink Info: Found Cortex-M3 r2p0, Little endian.
ROMTableAddr = 0xE00FF003
 
Target info:
------------
Device: ADuCRF101
VTarget = 3.614V
State of Pins: 
TCK: 0, TDI: 0, TDO: 0, TMS: 0, TRES: 1, TRST: 1
Hardware-Breakpoints: 6
Software-Breakpoints: 8192
Watchpoints:          4
JTAG speed: 2000 kHz
 
Full Chip Erase Done.
Programming Done.
Verify OK.
Build target 'Slave'
compiling Slave.c...
src\Slave.c(112): warning:  #167-D: argument of type "char *" is incompatible with parameter of type "unsigned char *"
src\Slave.c(172): warning:  #167-D: argument of type "char *" is incompatible with parameter of type "unsigned char *"
src\Slave.c(187): warning:  #167-D: argument of type "char *" is incompatible with parameter of type "unsigned char *"
src\Slave.c(285): warning:  #167-D: argument of type "unsigned char *" is incompatible with parameter of type "const char *"
src\Slave.c(356): warning:  #167-D: argument of type "unsigned char *" is incompatible with parameter of type "const char *restrict"
src\Slave.c(425): warning:  #167-D: argument of type "unsigned char *" is incompatible with parameter of type "const char *"
src\Slave.c(576): warning:  #1-D: last line of file ends without a newline
src\Slave.c(532): warning:  #177-D: variable "ucLineSta" was declared but never referenced
linking...
Program Size: Code=10590 RO-data=466 RW-data=60 ZI-data=10180  
FromELF: creating hex file...
".\obj\Radio.axf" - 0 Error(s), 8 Warning(s).
Load "D:\\Radio\\Aduc_rf101_my_sw\\Projects\\time_multiplex\\obj\\Radio.axf" 
Set JLink Project File to "D:\Radio\Aduc_rf101_my_sw\Projects\time_multiplex\JLinkSettings.ini"
* JLink Info: Device "ADUCRF101" selected (128 KB flash, 16 KB RAM).
 
JLink info:
------------
DLL: V4.68a, compiled Apr 12 2013 13:26:50
Firmware: J-Link Lite-ADI Rev.1 compiled Jan  7 2013 17:58:04
Hardware: V1.00
S/N : 541002910 
OEM : ADI 
 
* JLink Info: Found SWD-DP with ID 0x2BA01477
* JLink Info: FPUnit: 6 code (BP) slots and 2 literal slots
* JLink Info: Found Cortex-M3 r2p0, Little endian.
ROMTableAddr = 0xE00FF003
 
Target info:
------------
Device: ADuCRF101
VTarget = 3.621V
State of Pins: 
TCK: 0, TDI: 0, TDO: 0, TMS: 0, TRES: 1, TRST: 1
Hardware-Breakpoints: 6
Software-Breakpoints: 8192
Watchpoints:          4
JTAG speed: 2000 kHz
 
Full Chip Erase Done.
Programming Done.
Verify OK.
Build target 'Master'
compiling Master.c...
src\Master.c(173): warning:  #167-D: argument of type "char *" is incompatible with parameter of type "unsigned char *"
src\Master.c(191): warning:  #167-D: argument of type "char *" is incompatible with parameter of type "unsigned char *"
src\Master.c(268): warning:  #167-D: argument of type "signed char *" is incompatible with parameter of type "char *restrict"
src\Master.c(281): warning:  #167-D: argument of type "signed char *" is incompatible with parameter of type "char *restrict"
src\Master.c(281): warning:  #167-D: argument of type "signed char *" is incompatible with parameter of type "const char *restrict"
src\Master.c(287): warning:  #68-D: integer conversion resulted in a change of sign
src\Master.c(292): warning:  #167-D: argument of type "signed char *" is incompatible with parameter of type "const char *"
src\Master.c(293): warning:  #167-D: argument of type "signed char *" is incompatible with parameter of type "const char *"
src\Master.c(300): warning:  #68-D: integer conversion resulted in a change of sign
src\Master.c(310): warning:  #68-D: integer conversion resulted in a change of sign
src\Master.c(316): warning:  #167-D: argument of type "unsigned char *" is incompatible with parameter of type "const char *restrict"
src\Master.c(331): warning:  #177-D: variable "len" was declared but never referenced
src\Master.c(332): warning:  #177-D: variable "pktMemoryPtr" was declared but never referenced
src\Master.c(450): warning:  #167-D: argument of type "unsigned char *" is incompatible with parameter of type "const char *restrict"
src\Master.c(514): warning:  #167-D: argument of type "char *" is incompatible with parameter of type "unsigned char *"
linking...
Program Size: Code=10854 RO-data=466 RW-data=64 ZI-data=12224  
FromELF: creating hex file...
".\obj\Radio.axf" - 0 Error(s), 15 Warning(s).
Load "D:\\Radio\\Aduc_rf101_my_sw\\Projects\\time_multiplex\\obj\\Radio.axf" 
Set JLink Project File to "D:\Radio\Aduc_rf101_my_sw\Projects\time_multiplex\JLinkSettings.ini"
* JLink Info: Device "ADUCRF101" selected (128 KB flash, 16 KB RAM).
 
JLink info:
------------
DLL: V4.68a, compiled Apr 12 2013 13:26:50
Firmware: J-Link Lite-ADI Rev.1 compiled Jan  7 2013 17:58:04
Hardware: V1.00
S/N : 541002910 
OEM : ADI 
 
* JLink Info: Found SWD-DP with ID 0x2BA01477
* JLink Info: FPUnit: 6 code (BP) slots and 2 literal slots
* JLink Info: Found Cortex-M3 r2p0, Little endian.
ROMTableAddr = 0xE00FF003
 
Target info:
------------
Device: ADuCRF101
VTarget = 3.642V
State of Pins: 
TCK: 0, TDI: 0, TDO: 0, TMS: 0, TRES: 1, TRST: 1
Hardware-Breakpoints: 6
Software-Breakpoints: 8192
Watchpoints:          4
JTAG speed: 2000 kHz
 
Full Chip Erase Done.
Programming Done.
Verify OK.
Build target 'Master'
compiling Master.c...
src\Master.c(173): warning:  #167-D: argument of type "char *" is incompatible with parameter of type "unsigned char *"
src\Master.c(191): warning:  #167-D: argument of type "char *" is incompatible with parameter of type "unsigned char *"
src\Master.c(268): warning:  #167-D: argument of type "signed char *" is incompatible with parameter of type "char *restrict"
src\Master.c(281): warning:  #167-D: argument of type "signed char *" is incompatible with parameter of type "char *restrict"
src\Master.c(281): warning:  #167-D: argument of type "signed char *" is incompatible with parameter of type "const char *restrict"
src\Master.c(287): warning:  #68-D: integer conversion resulted in a change of sign
src\Master.c(292): warning:  #167-D: argument of type "signed char *" is incompatible with parameter of type "const char *"
src\Master.c(293): warning:  #167-D: argument of type "signed char *" is incompatible with parameter of type "const char *"
src\Master.c(300): warning:  #68-D: integer conversion resulted in a change of sign
src\Master.c(310): warning:  #68-D: integer conversion resulted in a change of sign
src\Master.c(316): warning:  #167-D: argument of type "unsigned char *" is incompatible with parameter of type "const char *restrict"
src\Master.c(331): warning:  #177-D: variable "len" was declared but never referenced
src\Master.c(332): warning:  #177-D: variable "pktMemoryPtr" was declared but never referenced
src\Master.c(449): warning:  #167-D: argument of type "unsigned char *" is incompatible with parameter of type "const char *restrict"
src\Master.c(463): error:  #20: identifier "i" is undefined
src\Master.c(511): warning:  #167-D: argument of type "char *" is incompatible with parameter of type "unsigned char *"
Target not created
Build target 'Master'
compiling Master.c...
src\Master.c(173): warning:  #167-D: argument of type "char *" is incompatible with parameter of type "unsigned char *"
src\Master.c(191): warning:  #167-D: argument of type "char *" is incompatible with parameter of type "unsigned char *"
src\Master.c(268): warning:  #167-D: argument of type "signed char *" is incompatible with parameter of type "char *restrict"
src\Master.c(281): warning:  #167-D: argument of type "signed char *" is incompatible with parameter of type "char *restrict"
src\Master.c(281): warning:  #167-D: argument of type "signed char *" is incompatible with parameter of type "const char *restrict"
src\Master.c(287): warning:  #68-D: integer conversion resulted in a change of sign
src\Master.c(292): warning:  #167-D: argument of type "signed char *" is incompatible with parameter of type "const char *"
src\Master.c(293): warning:  #167-D: argument of type "signed char *" is incompatible with parameter of type "const char *"
src\Master.c(300): warning:  #68-D: integer conversion resulted in a change of sign
src\Master.c(310): warning:  #68-D: integer conversion resulted in a change of sign
src\Master.c(316): warning:  #167-D: argument of type "unsigned char *" is incompatible with parameter of type "const char *restrict"
src\Master.c(331): warning:  #177-D: variable "len" was declared but never referenced
src\Master.c(332): warning:  #177-D: variable "pktMemoryPtr" was declared but never referenced
src\Master.c(449): warning:  #167-D: argument of type "unsigned char *" is incompatible with parameter of type "const char *restrict"
src\Master.c(511): warning:  #167-D: argument of type "char *" is incompatible with parameter of type "unsigned char *"
linking...
Program Size: Code=10818 RO-data=466 RW-data=52 ZI-data=12236  
FromELF: creating hex file...
".\obj\Radio.axf" - 0 Error(s), 15 Warning(s).
Build target 'Master'
compiling Master.c...
src\Master.c(173): warning:  #167-D: argument of type "char *" is incompatible with parameter of type "unsigned char *"
src\Master.c(191): warning:  #167-D: argument of type "char *" is incompatible with parameter of type "unsigned char *"
src\Master.c(268): warning:  #167-D: argument of type "signed char *" is incompatible with parameter of type "char *restrict"
src\Master.c(281): warning:  #167-D: argument of type "signed char *" is incompatible with parameter of type "char *restrict"
src\Master.c(281): warning:  #167-D: argument of type "signed char *" is incompatible with parameter of type "const char *restrict"
src\Master.c(287): warning:  #68-D: integer conversion resulted in a change of sign
src\Master.c(292): warning:  #167-D: argument of type "signed char *" is incompatible with parameter of type "const char *"
src\Master.c(293): warning:  #167-D: argument of type "signed char *" is incompatible with parameter of type "const char *"
src\Master.c(300): warning:  #68-D: integer conversion resulted in a change of sign
src\Master.c(310): warning:  #68-D: integer conversion resulted in a change of sign
src\Master.c(316): warning:  #167-D: argument of type "unsigned char *" is incompatible with parameter of type "const char *restrict"
src\Master.c(331): warning:  #177-D: variable "len" was declared but never referenced
src\Master.c(332): warning:  #177-D: variable "pktMemoryPtr" was declared but never referenced
src\Master.c(449): warning:  #167-D: argument of type "unsigned char *" is incompatible with parameter of type "const char *restrict"
src\Master.c(511): warning:  #167-D: argument of type "char *" is incompatible with parameter of type "unsigned char *"
linking...
Program Size: Code=10818 RO-data=466 RW-data=52 ZI-data=12236  
FromELF: creating hex file...
".\obj\Radio.axf" - 0 Error(s), 15 Warning(s).
Load "D:\\Radio\\Aduc_rf101_my_sw\\Projects\\time_multiplex\\obj\\Radio.axf" 
Set JLink Project File to "D:\Radio\Aduc_rf101_my_sw\Projects\time_multiplex\JLinkSettings.ini"
* JLink Info: Device "ADUCRF101" selected (128 KB flash, 16 KB RAM).
 
JLink info:
------------
DLL: V4.68a, compiled Apr 12 2013 13:26:50
Firmware: J-Link Lite-ADI Rev.1 compiled Jan  7 2013 17:58:04
Hardware: V1.00
S/N : 541002910 
OEM : ADI 
 
* JLink Info: Found SWD-DP with ID 0x2BA01477
* JLink Info: FPUnit: 6 code (BP) slots and 2 literal slots
* JLink Info: Found Cortex-M3 r2p0, Little endian.
ROMTableAddr = 0xE00FF003
 
Target info:
------------
Device: ADuCRF101
VTarget = 3.621V
State of Pins: 
TCK: 0, TDI: 0, TDO: 0, TMS: 0, TRES: 1, TRST: 1
Hardware-Breakpoints: 6
Software-Breakpoints: 8192
Watchpoints:          4
JTAG speed: 2000 kHz
 
Full Chip Erase Done.
Programming Done.
Verify OK.
Build target 'Master'
compiling Master.c...
src\Master.c(173): warning:  #167-D: argument of type "char *" is incompatible with parameter of type "unsigned char *"
src\Master.c(191): warning:  #167-D: argument of type "char *" is incompatible with parameter of type "unsigned char *"
src\Master.c(268): warning:  #167-D: argument of type "signed char *" is incompatible with parameter of type "char *restrict"
src\Master.c(281): warning:  #167-D: argument of type "signed char *" is incompatible with parameter of type "char *restrict"
src\Master.c(281): warning:  #167-D: argument of type "signed char *" is incompatible with parameter of type "const char *restrict"
src\Master.c(287): warning:  #68-D: integer conversion resulted in a change of sign
src\Master.c(292): warning:  #167-D: argument of type "signed char *" is incompatible with parameter of type "const char *"
src\Master.c(293): warning:  #167-D: argument of type "signed char *" is incompatible with parameter of type "const char *"
src\Master.c(300): warning:  #68-D: integer conversion resulted in a change of sign
src\Master.c(310): warning:  #68-D: integer conversion resulted in a change of sign
src\Master.c(316): warning:  #167-D: argument of type "unsigned char *" is incompatible with parameter of type "const char *restrict"
src\Master.c(331): warning:  #177-D: variable "len" was declared but never referenced
src\Master.c(332): warning:  #177-D: variable "pktMemoryPtr" was declared but never referenced
src\Master.c(449): warning:  #167-D: argument of type "unsigned char *" is incompatible with parameter of type "const char *restrict"
src\Master.c(511): warning:  #167-D: argument of type "char *" is incompatible with parameter of type "unsigned char *"
linking...
Program Size: Code=10822 RO-data=466 RW-data=52 ZI-data=12236  
FromELF: creating hex file...
".\obj\Radio.axf" - 0 Error(s), 15 Warning(s).
Load "D:\\Radio\\Aduc_rf101_my_sw\\Projects\\time_multiplex\\obj\\Radio.axf" 
Set JLink Project File to "D:\Radio\Aduc_rf101_my_sw\Projects\time_multiplex\JLinkSettings.ini"
* JLink Info: Device "ADUCRF101" selected (128 KB flash, 16 KB RAM).
 
JLink info:
------------
DLL: V4.68a, compiled Apr 12 2013 13:26:50
Firmware: J-Link Lite-ADI Rev.1 compiled Jan  7 2013 17:58:04
Hardware: V1.00
S/N : 541002910 
OEM : ADI 
 
* JLink Info: Found SWD-DP with ID 0x2BA01477
* JLink Info: FPUnit: 6 code (BP) slots and 2 literal slots
* JLink Info: Found Cortex-M3 r2p0, Little endian.
ROMTableAddr = 0xE00FF003
 
Target info:
------------
Device: ADuCRF101
VTarget = 3.614V
State of Pins: 
TCK: 0, TDI: 0, TDO: 0, TMS: 0, TRES: 1, TRST: 1
Hardware-Breakpoints: 6
Software-Breakpoints: 8192
Watchpoints:          4
JTAG speed: 2000 kHz
 
Full Chip Erase Done.
Programming Done.
Verify OK.
